Component: ARM Compiler 5.06 update 7 (build 960) Tool: armlink [4d3601]

==============================================================================

Section Cross References

    startup_stm32h743xx.o(STACK) refers (Special) to heapauxi.o(.text) for __use_two_region_memory
    startup_stm32h743xx.o(HEAP) refers (Special) to heapauxi.o(.text) for __use_two_region_memory
    startup_stm32h743xx.o(RESET) refers (Special) to heapauxi.o(.text) for __use_two_region_memory
    startup_stm32h743xx.o(RESET) refers to startup_stm32h743xx.o(STACK) for __initial_sp
    startup_stm32h743xx.o(RESET) refers to startup_stm32h743xx.o(.text) for Reset_Handler
    startup_stm32h743xx.o(RESET) refers to stm32h7xx_it.o(i.NMI_Handler) for NMI_Handler
    startup_stm32h743xx.o(RESET) refers to stm32h7xx_it.o(i.HardFault_Handler) for HardFault_Handler
    startup_stm32h743xx.o(RESET) refers to stm32h7xx_it.o(i.MemManage_Handler) for MemManage_Handler
    startup_stm32h743xx.o(RESET) refers to stm32h7xx_it.o(i.BusFault_Handler) for BusFault_Handler
    startup_stm32h743xx.o(RESET) refers to stm32h7xx_it.o(i.UsageFault_Handler) for UsageFault_Handler
    startup_stm32h743xx.o(RESET) refers to stm32h7xx_it.o(i.SVC_Handler) for SVC_Handler
    startup_stm32h743xx.o(RESET) refers to stm32h7xx_it.o(i.DebugMon_Handler) for DebugMon_Handler
    startup_stm32h743xx.o(RESET) refers to stm32h7xx_it.o(i.PendSV_Handler) for PendSV_Handler
    startup_stm32h743xx.o(RESET) refers to stm32h7xx_it.o(i.SysTick_Handler) for SysTick_Handler
    startup_stm32h743xx.o(RESET) refers to stm32h7xx_it.o(i.EXTI9_5_IRQHandler) for EXTI9_5_IRQHandler
    startup_stm32h743xx.o(RESET) refers to stm32h7xx_it.o(i.USART1_IRQHandler) for USART1_IRQHandler
    startup_stm32h743xx.o(.text) refers (Special) to heapauxi.o(.text) for __use_two_region_memory
    startup_stm32h743xx.o(.text) refers to system_stm32h7xx.o(i.SystemInit) for SystemInit
    startup_stm32h743xx.o(.text) refers to __main.o(!!!main) for __main
    startup_stm32h743xx.o(.text) refers to startup_stm32h743xx.o(HEAP) for Heap_Mem
    startup_stm32h743xx.o(.text) refers to startup_stm32h743xx.o(STACK) for Stack_Mem
    main.o(i.SystemClock_Config) refers to rt_memclr_w.o(.text) for __aeabi_memclr4
    main.o(i.SystemClock_Config) refers to stm32h7xx_hal_pwr_ex.o(i.HAL_PWREx_ConfigSupply) for HAL_PWREx_ConfigSupply
    main.o(i.SystemClock_Config) refers to stm32h7xx_hal_rcc.o(i.HAL_RCC_OscConfig) for HAL_RCC_OscConfig
    main.o(i.SystemClock_Config) refers to stm32h7xx_hal_rcc.o(i.HAL_RCC_ClockConfig) for HAL_RCC_ClockConfig
    main.o(i.itoaBase10) refers to main.o(.constdata) for .constdata
    main.o(i.main) refers to stm32h7xx_hal_cortex.o(i.HAL_MPU_Disable) for HAL_MPU_Disable
    main.o(i.main) refers to stm32h7xx_hal_cortex.o(i.HAL_MPU_ConfigRegion) for HAL_MPU_ConfigRegion
    main.o(i.main) refers to stm32h7xx_hal_cortex.o(i.HAL_MPU_Enable) for HAL_MPU_Enable
    main.o(i.main) refers to stm32h7xx_hal.o(i.HAL_Init) for HAL_Init
    main.o(i.main) refers to main.o(i.SystemClock_Config) for SystemClock_Config
    main.o(i.main) refers to gpio.o(i.MX_GPIO_Init) for MX_GPIO_Init
    main.o(i.main) refers to spi.o(i.MX_SPI1_Init) for MX_SPI1_Init
    main.o(i.main) refers to usart.o(i.MX_USART1_UART_Init) for MX_USART1_UART_Init
    main.o(i.main) refers to stm32h7xx_hal_cortex.o(i.HAL_NVIC_SetPriority) for HAL_NVIC_SetPriority
    main.o(i.main) refers to stm32h7xx_hal_cortex.o(i.HAL_NVIC_EnableIRQ) for HAL_NVIC_EnableIRQ
    main.o(i.main) refers to stm32h7xx_hal.o(i.HAL_Delay) for HAL_Delay
    main.o(i.main) refers to iis3dwb_reg.o(i.iis3dwb_device_id_get) for iis3dwb_device_id_get
    main.o(i.main) refers to iis3dwb_reg.o(i.iis3dwb_reset_set) for iis3dwb_reset_set
    main.o(i.main) refers to iis3dwb_reg.o(i.iis3dwb_reset_get) for iis3dwb_reset_get
    main.o(i.main) refers to iis3dwb_reg.o(i.iis3dwb_block_data_update_set) for iis3dwb_block_data_update_set
    main.o(i.main) refers to iis3dwb_reg.o(i.iis3dwb_xl_data_rate_set) for iis3dwb_xl_data_rate_set
    main.o(i.main) refers to iis3dwb_reg.o(i.iis3dwb_xl_full_scale_set) for iis3dwb_xl_full_scale_set
    main.o(i.main) refers to iis3dwb_reg.o(i.iis3dwb_xl_filt_path_on_out_set) for iis3dwb_xl_filt_path_on_out_set
    main.o(i.main) refers to iis3dwb_reg.o(i.iis3dwb_pin_int1_route_set) for iis3dwb_pin_int1_route_set
    main.o(i.main) refers to iis3dwb_reg.o(i.iis3dwb_data_ready_mode_set) for iis3dwb_data_ready_mode_set
    main.o(i.main) refers to rt_memclr.o(.text) for __aeabi_memclr
    main.o(i.main) refers to iis3dwb_reg.o(i.iis3dwb_acceleration_raw_get) for iis3dwb_acceleration_raw_get
    main.o(i.main) refers to _sprintf.o(.text) for _sprintf
    main.o(i.main) refers to strlen.o(.text) for strlen
    main.o(i.main) refers to stm32h7xx_hal_uart.o(i.HAL_UART_Transmit_IT) for HAL_UART_Transmit_IT
    main.o(i.main) refers to system_stm32h7xx.o(.data) for SystemCoreClock
[...]
    i.HAL_NVIC_EnableIRQ                     0x08001c58   Section        0  stm32h7xx_hal_cortex.o(i.HAL_NVIC_EnableIRQ)
    i.HAL_NVIC_SetPriority                   0x08001cc0   Section        0  stm32h7xx_hal_cortex.o(i.HAL_NVIC_SetPriority)
    i.HAL_NVIC_SetPriorityGrouping           0x08001d74   Section        0  stm32h7xx_hal_cortex.o(i.HAL_NVIC_SetPriorityGrouping)
    i.HAL_PWREx_ConfigSupply                 0x08001df4   Section        0  stm32h7xx_hal_pwr_ex.o(i.HAL_PWREx_ConfigSupply)
    i.HAL_RCCEx_GetD3PCLK1Freq               0x08001ea0   Section        0  stm32h7xx_hal_rcc_ex.o(i.HAL_RCCEx_GetD3PCLK1Freq)
    i.HAL_RCCEx_GetPLL2ClockFreq             0x08001ec4   Section        0  stm32h7xx_hal_rcc_ex.o(i.HAL_RCCEx_GetPLL2ClockFreq)
    i.HAL_RCCEx_GetPLL3ClockFreq             0x08002070   Section        0  stm32h7xx_hal_rcc_ex.o(i.HAL_RCCEx_GetPLL3ClockFreq)
    i.HAL_RCCEx_PeriphCLKConfig              0x0800221c   Section        0  stm32h7xx_hal_rcc_ex.o(i.HAL_RCCEx_PeriphCLKConfig)
    i.HAL_RCC_ClockConfig                    0x08002f38   Section        0  stm32h7xx_hal_rcc.o(i.HAL_RCC_ClockConfig)
    i.HAL_RCC_GetHCLKFreq                    0x0800342c   Section        0  stm32h7xx_hal_rcc.o(i.HAL_RCC_GetHCLKFreq)
    i.HAL_RCC_GetPCLK1Freq                   0x08003474   Section        0  stm32h7xx_hal_rcc.o(i.HAL_RCC_GetPCLK1Freq)
    i.HAL_RCC_GetPCLK2Freq                   0x080034d0   Section        0  stm32h7xx_hal_rcc.o(i.HAL_RCC_GetPCLK2Freq)
    i.HAL_RCC_GetSysClockFreq                0x0800352c   Section        0  stm32h7xx_hal_rcc.o(i.HAL_RCC_GetSysClockFreq)
    i.HAL_RCC_OscConfig                      0x080036d4   Section        0  stm32h7xx_hal_rcc.o(i.HAL_RCC_OscConfig)
    i.HAL_SPI_Init                           0x08003f3c   Section        0  stm32h7xx_hal_spi.o(i.HAL_SPI_Init)
    i.HAL_SPI_MspInit                        0x08004304   Section        0  spi.o(i.HAL_SPI_MspInit)
    i.HAL_SPI_Receive                        0x080043cc   Section        0  stm32h7xx_hal_spi.o(i.HAL_SPI_Receive)
    i.HAL_SPI_Transmit                       0x08004628   Section        0  stm32h7xx_hal_spi.o(i.HAL_SPI_Transmit)
    i.HAL_SPI_TransmitReceive                0x080048fc   Section        0  stm32h7xx_hal_spi.o(i.HAL_SPI_TransmitReceive)
    i.HAL_SYSTICK_Config                     0x08004c0c   Section        0  stm32h7xx_hal_cortex.o(i.HAL_SYSTICK_Config)
    i.HAL_UARTEx_DisableFifoMode             0x08004c34   Section        0  stm32h7xx_hal_uart_ex.o(i.HAL_UARTEx_DisableFifoMode)
    i.HAL_UARTEx_RxEventCallback             0x08004d14   Section        0  stm32h7xx_hal_uart.o(i.HAL_UARTEx_RxEventCallback)
    i.HAL_UARTEx_RxFifoFullCallback          0x08004d16   Section        0  stm32h7xx_hal_uart_ex.o(i.HAL_UARTEx_RxFifoFullCallback)
    i.HAL_UARTEx_SetRxFifoThreshold          0x08004d18   Section        0  stm32h7xx_hal_uart_ex.o(i.HAL_UARTEx_SetRxFifoThreshold)
    i.HAL_UARTEx_SetTxFifoThreshold          0x08004e6c   Section        0  stm32h7xx_hal_uart_ex.o(i.HAL_UARTEx_SetTxFifoThreshold)
    i.HAL_UARTEx_TxFifoEmptyCallback         0x08004fc0   Section        0  stm32h7xx_hal_uart_ex.o(i.HAL_UARTEx_TxFifoEmptyCallback)
    i.HAL_UARTEx_WakeupCallback              0x08004fc2   Section        0  stm32h7xx_hal_uart_ex.o(i.HAL_UARTEx_WakeupCallback)
    i.HAL_UART_ErrorCallback                 0x08004fc4   Section        0  stm32h7xx_hal_uart.o(i.HAL_UART_ErrorCallback)
    i.HAL_UART_IRQHandler                    0x08004fc8   Section        0  stm32h7xx_hal_uart.o(i.HAL_UART_IRQHandler)
    i.HAL_UART_Init                          0x08005400   Section        0  stm32h7xx_hal_uart.o(i.HAL_UART_Init)
    i.HAL_UART_MspInit                       0x0800554c   Section        0  usart.o(i.HAL_UART_MspInit)
    i.HAL_UART_Transmit_IT                   0x0800561c   Section        0  stm32h7xx_hal_uart.o(i.HAL_UART_Transmit_IT)
    i.HAL_UART_TxCpltCallback                0x080056d8   Section        0  stm32h7xx_hal_uart.o(i.HAL_UART_TxCpltCallback)
    i.HardFault_Handler                      0x080056da   Section        0  stm32h7xx_it.o(i.HardFault_Handler)
    i.MX_GPIO_Init                           0x080056dc   Section        0  gpio.o(i.MX_GPIO_Init)
    i.MX_SPI1_Init                           0x08005774   Section        0  spi.o(i.MX_SPI1_Init)
    i.MX_USART1_UART_Init                    0x080057d0   Section        0  usart.o(i.MX_USART1_UART_Init)
    i.MemManage_Handler                      0x08005848   Section        0  stm32h7xx_it.o(i.MemManage_Handler)
    i.NMI_Handler                            0x0800584a   Section        0  stm32h7xx_it.o(i.NMI_Handler)
    i.PendSV_Handler                         0x0800584c   Section        0  stm32h7xx_it.o(i.PendSV_Handler)
    i.RCCEx_PLL2_Config                      0x08005850   Section        0  stm32h7xx_hal_rcc_ex.o(i.RCCEx_PLL2_Config)
    RCCEx_PLL2_Config                        0x08005851   Thumb Code   462  stm32h7xx_hal_rcc_ex.o(i.RCCEx_PLL2_Config)
    i.RCCEx_PLL3_Config                      0x08005a6c   Section        0  stm32h7xx_hal_rcc_ex.o(i.RCCEx_PLL3_Config)
    RCCEx_PLL3_Config                        0x08005a6d   Thumb Code   470  stm32h7xx_hal_rcc_ex.o(i.RCCEx_PLL3_Config)
    i.SPI_CloseTransfer                      0x08005c90   Section        0  stm32h7xx_hal_spi.o(i.SPI_CloseTransfer)
    SPI_CloseTransfer                        0x08005c91   Thumb Code   198  stm32h7xx_hal_spi.o(i.SPI_CloseTransfer)
    i.SVC_Handler                            0x08005d56   Section        0  stm32h7xx_it.o(i.SVC_Handler)
    i.SysTick_Handler                        0x08005d58   Section        0  stm32h7xx_it.o(i.SysTick_Handler)
    i.SystemClock_Config                     0x08005d5c   Section        0  main.o(i.SystemClock_Config)
    i.SystemInit                             0x08005e20   Section        0  system_stm32h7xx.o(i.SystemInit)
    i.UART_AdvFeatureConfig                  0x08005f24   Section        0  stm32h7xx_hal_uart.o(i.UART_AdvFeatureConfig)
    i.UART_CheckIdleState                    0x0800617c   Section        0  stm32h7xx_hal_uart.o(i.UART_CheckIdleState)
    i.UART_DMAAbortOnError                   0x080061e0   Section        0  stm32h7xx_hal_uart.o(i.UART_DMAAbortOnError)
    UART_DMAAbortOnError                     0x080061e1   Thumb Code    20  stm32h7xx_hal_uart.o(i.UART_DMAAbortOnError)
    i.UART_SetConfig                         0x080061f4   Section        0  stm32h7xx_hal_uart.o(i.UART_SetConfig)
    i.UART_TxISR_16BIT                       0x08006726   Section        0  stm32h7xx_hal_uart.o(i.UART_TxISR_16BIT)
    UART_TxISR_16BIT                         0x08006727   Thumb Code    84  stm32h7xx_hal_uart.o(i.UART_TxISR_16BIT)
    i.UART_TxISR_16BIT_FIFOEN                0x0800677a   Section        0  stm32h7xx_hal_uart.o(i.UART_TxISR_16BIT_FIFOEN)
    UART_TxISR_16BIT_FIFOEN                  0x0800677b   Thumb Code   114  stm32h7xx_hal_uart.o(i.UART_TxISR_16BIT_FIFOEN)
    i.UART_TxISR_8BIT                        0x080067ec   Section        0  stm32h7xx_hal_uart.o(i.UART_TxISR_8BIT)
    UART_TxISR_8BIT                          0x080067ed   Thumb Code    80  stm32h7xx_hal_uart.o(i.UART_TxISR_8BIT)
    i.UART_TxISR_8BIT_FIFOEN                 0x0800683c   Section        0  stm32h7xx_hal_uart.o(i.UART_TxISR_8BIT_FIFOEN)
    UART_TxISR_8BIT_FIFOEN                   0x0800683d   Thumb Code   110  stm32h7xx_hal_uart.o(i.UART_TxISR_8BIT_FIFOEN)
    i.UART_WaitOnFlagUntilTimeout            0x080068ac   Section        0  stm32h7xx_hal_uart.o(i.UART_WaitOnFlagUntilTimeout)
    i.USART1_IRQHandler                      0x08006990   Section        0  stm32h7xx_it.o(i.USART1_IRQHandler)
    i.UsageFault_Handler                     0x0800699c   Section        0  stm32h7xx_it.o(i.UsageFault_Handler)
    i._is_digit                              0x0800699e   Section        0  __printf_wp.o(i._is_digit)
    i.assert_failed                          0x080069ac   Section        0  main.o(i.assert_failed)
    i.iis3dwb_acceleration_raw_get           0x080069ae   Section        0  iis3dwb_reg.o(i.iis3dwb_acceleration_raw_get)
    i.iis3dwb_block_data_update_set          0x080069f6   Section        0  iis3dwb_reg.o(i.iis3dwb_block_data_update_set)
    i.iis3dwb_data_ready_mode_set            0x08006a2a   Section        0  iis3dwb_reg.o(i.iis3dwb_data_ready_mode_set)
    i.iis3dwb_device_id_get                  0x08006a5e   Section        0  iis3dwb_reg.o(i.iis3dwb_device_id_get)
    i.iis3dwb_pin_int1_route_set             0x08006a70   Section        0  iis3dwb_reg.o(i.iis3dwb_pin_int1_route_set)
    i.iis3dwb_reset_get                      0x08006b68   Section        0  iis3dwb_reg.o(i.iis3dwb_reset_get)
    i.iis3dwb_reset_set                      0x08006b86   Section        0  iis3dwb_reg.o(i.iis3dwb_reset_set)
    i.iis3dwb_xl_data_rate_set               0x08006bba   Section        0  iis3dwb_reg.o(i.iis3dwb_xl_data_rate_set)
    i.iis3dwb_xl_filt_path_on_out_set        0x08006bee   Section        0  iis3dwb_reg.o(i.iis3dwb_xl_filt_path_on_out_set)
    i.iis3dwb_xl_full_scale_set              0x08006c6c   Section        0  iis3dwb_reg.o(i.iis3dwb_xl_full_scale_set)
    i.main                                   0x08006ca0   Section        0  main.o(i.main)
    i.platform_read                          0x08006f54   Section        0  main.o(i.platform_read)
    platform_read                            0x08006f55   Thumb Code    76  main.o(i.platform_read)
    i.platform_write                         0x08006fa8   Section        0  main.o(i.platform_write)
    platform_write                           0x08006fa9   Thumb Code    64  main.o(i.platform_write)
    locale$$code                             0x08006ff0   Section       44  lc_ctype_c.o(locale$$code)
    x$fpl$fpinit                             0x0800701c   Section       10  fpinit.o(x$fpl$fpinit)
    $v0                                      0x0800701c   Number         0  fpinit.o(x$fpl$fpinit)
    .constdata                               0x08007026   Section       24  stm32h7xx_hal_uart.o(.constdata)
    .constdata                               0x0800703e   Section       16  stm32h7xx_hal_uart_ex.o(.constdata)
    numerator                                0x0800703e   Data           8  stm32h7xx_hal_uart_ex.o(.constdata)
    denominator                              0x08007046   Data           8  stm32h7xx_hal_uart_ex.o(.constdata)
    .constdata                               0x0800704e   Section       16  system_stm32h7xx.o(.constdata)
    .constdata                               0x08007060   Section        8  _printf_wctomb.o(.constdata)
    initial_mbstate                          0x08007060   Data           8  _printf_wctomb.o(.constdata)
    .constdata                               0x08007068   Section       40  _printf_hex_int_ll_ptr.o(.constdata)
    uc_hextab                                0x08007068   Data          20  _printf_hex_int_ll_ptr.o(.constdata)
    lc_hextab                                0x0800707c   Data          20  _printf_hex_int_ll_ptr.o(.constdata)
    .constdata                               0x08007090   Section       17  __printf_flags_ss_wp.o(.constdata)
    maptable                                 0x08007090   Data          17  __printf_flags_ss_wp.o(.constdata)
    locale$$data                             0x080070c4   Section      272  lc_ctype_c.o(locale$$data)
    __lcctype_c_name                         0x080070c8   Data           2  lc_ctype_c.o(locale$$data)
    __lcctype_c_start                        0x080070d0   Data           0  lc_ctype_c.o(locale$$data)
    __lcctype_c_end                          0x080071d4   Data           0  lc_ctype_c.o(locale$$data)
    .data                                    0x24000000   Section       24  main.o(.data)
    whoamI                                   0x24000001   Data           1  main.o(.data)
    rst                                      0x24000002   Data           1  main.o(.data)
    data_raw_acceleration                    0x24000004   Data           6  main.o(.data)
    .data                                    0x24000018   Section       12  stm32h7xx_hal.o(.data)
    .data                                    0x24000024   Section        8  system_stm32h7xx.o(.data)
    .bss                                     0x2400002c   Section       25  main.o(.bss)
    .bss                                     0x24000048   Section      136  spi.o(.bss)
    .bss                                     0x240000d0   Section      144  usart.o(.bss)
    .bss                                     0x24000160   Section       96  libspace.o(.bss)
    HEAP                                     0x240001c0   Section      512  startup_stm32h743xx.o(HEAP)
    Heap_Mem                                 0x240001c0   Data         512  startup_stm32h743xx.o(HEAP)
    STACK                                    0x240003c0   Section     1024  startup_stm32h743xx.o(STACK)
    Stack_Mem                                0x240003c0   Data        1024  startup_stm32h743xx.o(STACK)
    __initial_sp                             0x240007c0   Data           0  startup_stm32h743xx.o(STACK)

    Global Symbols

    Symbol Name                              Value     Ov Type        Size  Object(Section)

    BuildAttributes$$THM_ISAv4$E$P$D$K$B$S$7EM$VFPv5_D16$PE$PLD8$A:L22UL41UL21$X:L11$S22US41US21$IEEE1$IW$USESV6$~STKCKD$USESV7$~SHL$OTIME$ROPI$EBA8$UX$STANDARDLIB$REQ8$PRES8$EABIv2 0x00000000   Number         0  anon$$obj.o ABSOLUTE
    __ARM_use_no_argv                        0x00000000   Number         0  main.o ABSOLUTE
    _printf_flags                            0x00000000   Number         0  printf_stubs.o ABSOLUTE
    _printf_return_value                     0x00000000   Number         0  printf_stubs.o ABSOLUTE
    _printf_sizespec                         0x00000000   Number         0  printf_stubs.o ABSOLUTE
    _printf_widthprec                        0x00000000   Number         0  printf_stubs.o ABSOLUTE
    __ARM_exceptions_init                     - Undefined Weak Reference
    __alloca_initialize                       - Undefined Weak Reference
    __arm_fini_                               - Undefined Weak Reference
    __arm_preinit_                            - Undefined Weak Reference
    __cpp_initialize__aeabi_                  - Undefined Weak Reference
    __cxa_finalize                            - Undefined Weak Reference
    __sigvec_lookup                           - Undefined Weak Reference
    _atexit_init                              - Undefined Weak Reference
    _call_atexit_fns                          - Undefined Weak Reference
    _clock_init                               - Undefined Weak Reference
    _fp_trap_init                             - Undefined Weak Reference
    _fp_trap_shutdown                         - Undefined Weak Reference
    _get_lc_collate                           - Undefined Weak Reference
    _get_lc_monetary                          - Undefined Weak Reference
    _get_lc_numeric                           - Undefined Weak Reference
    _get_lc_time                              - Undefined Weak Reference
    _getenv_init                              - Undefined Weak Reference
    _handle_redirection                       - Undefined Weak Reference
    _init_alloc                               - Undefined Weak Reference
    _init_user_alloc                          - Undefined Weak Reference
    _initio                                   - Undefined Weak Reference
    _printf_fp_dec                            - Undefined Weak Reference
    _printf_fp_hex                            - Undefined Weak Reference
    _printf_mbtowc                            - Undefined Weak Reference
    _printf_wc                                - Undefined Weak Reference
    _rand_init                                - Undefined Weak Reference
    _signal_finish                            - Undefined Weak Reference
    _signal_init                              - Undefined Weak Reference
    _terminate_alloc                          - Undefined Weak Reference
    _terminate_user_alloc                     - Undefined Weak Reference
    _terminateio                              - Undefined Weak Reference
    __Vectors_Size                           0x00000298   Number         0  startup_stm32h743xx.o ABSOLUTE
    __Vectors                                0x08000000   Data           4  startup_stm32h743xx.o(RESET)
    __Vectors_End                            0x08000298   Data           0  startup_stm32h743xx.o(RESET)
    __main                                   0x08000299   Thumb Code     8  __main.o(!!!main)
    __scatterload                            0x080002a1   Thumb Code     0  __scatter.o(!!!scatter)
    __scatterload_rt2                        0x080002a1   Thumb Code    44  __scatter.o(!!!scatter)
    __scatterload_rt2_thumb_only             0x080002a1   Thumb Code     0  __scatter.o(!!!scatter)
    __scatterload_null                       0x080002af   Thumb Code     0  __scatter.o(!!!scatter)
    __scatterload_copy                       0x080002d5   Thumb Code    26  __scatter_copy.o(!!handler_copy)
    __scatterload_zeroinit                   0x080002f1   Thumb Code    28  __scatter_zi.o(!!handler_zi)
    _printf_n                                0x0800030d   Thumb Code     0  _printf_n.o(.ARM.Collect$$_printf_percent$$00000001)
    _printf_percent                          0x0800030d   Thumb Code     0  _printf_percent.o(.ARM.Collect$$_printf_percent$$00000000)
    _printf_p                                0x08000313   Thumb Code     0  _printf_p.o(.ARM.Collect$$_printf_percent$$00000002)
    _printf_f                                0x08000319   Thumb Code     0  _printf_f.o(.ARM.Collect$$_printf_percent$$00000003)
    _printf_e                                0x0800031f   Thumb Code     0  _printf_e.o(.ARM.Collect$$_printf_percent$$00000004)
    _printf_g                                0x08000325   Thumb Code     0  _printf_g.o(.ARM.Collect$$_printf_percent$$00000005)
    _printf_a                                0x0800032b   Thumb Code     0  _printf_a.o(.ARM.Collect$$_printf_percent$$00000006)
    _printf_ll                               0x08000331   Thumb Code     0  _printf_ll.o(.ARM.Collect$$_printf_percent$$00000007)
    _printf_i                                0x0800033b   Thumb Code     0  _printf_i.o(.ARM.Collect$$_printf_percent$$00000008)
    _printf_d                                0x08000341   Thumb Code     0  _printf_d.o(.ARM.Collect$$_printf_percent$$00000009)
    _printf_u                                0x08000347   Thumb Code     0  _printf_u.o(.ARM.Collect$$_printf_percent$$0000000A)
    _printf_o                                0x0800034d   Thumb Code     0  _printf_o.o(.ARM.Collect$$_printf_percent$$0000000B)
    _printf_x                                0x08000353   Thumb Code     0  _printf_x.o(.ARM.Collect$$_printf_percent$$0000000C)
    _printf_lli                              0x08000359   Thumb Code     0  _printf_lli.o(.ARM.Collect$$_printf_percent$$0000000D)
    _printf_lld                              0x0800035f   Thumb Code     0  _printf_lld.o(.ARM.Collect$$_printf_percent$$0000000E)
    _printf_llu                              0x08000365   Thumb Code     0  _printf_llu.o(.ARM.Collect$$_printf_percent$$0000000F)
    _printf_llo                              0x0800036b   Thumb Code     0  _printf_llo.o(.ARM.Collect$$_printf_percent$$00000010)
    _printf_llx                              0x08000371   Thumb Code     0  _printf_llx.o(.ARM.Collect$$_printf_percent$$00000011)
    _printf_l                                0x08000377   Thumb Code     0  _printf_l.o(.ARM.Collect$$_printf_percent$$00000012)
    _printf_c                                0x08000381   Thumb Code     0  _printf_c.o(.ARM.Collect$$_printf_percent$$00000013)
    _printf_s                                0x08000387   Thumb Code     0  _printf_s.o(.ARM.Collect$$_printf_percent$$00000014)
    _printf_lc                               0x0800038d   Thumb Code     0  _printf_lc.o(.ARM.Collect$$_printf_percent$$00000015)
    _printf_ls                               0x08000393   Thumb Code     0  _printf_ls.o(.ARM.Collect$$_printf_percent$$00000016)
    _printf_percent_end                      0x08000399   Thumb Code     0  _printf_percent_end.o(.ARM.Collect$$_printf_percent$$00000017)
    __rt_lib_init                            0x0800039d   Thumb Code     0  libinit.o(.ARM.Collect$$libinit$$00000000)
    __rt_lib_init_fp_1                       0x0800039f   Thumb Code     0  libinit2.o(.ARM.Collect$$libinit$$00000001)
    __rt_lib_init_heap_1                     0x080003a3   Thumb Code     0  libinit2.o(.ARM.Collect$$libinit$$0000000A)
    __rt_lib_init_lc_common                  0x080003a3   Thumb Code     0  libinit2.o(.ARM.Collect$$libinit$$0000000F)
    __rt_lib_init_preinit_1                  0x080003a3   Thumb Code     0  libinit2.o(.ARM.Collect$$libinit$$00000004)
    __rt_lib_init_rand_1                     0x080003a3   Thumb Code     0  libinit2.o(.ARM.Collect$$libinit$$0000000E)
    __rt_lib_init_user_alloc_1               0x080003a3   Thumb Code     0  libinit2.o(.ARM.Collect$$libinit$$0000000C)
    __rt_lib_init_lc_collate_1               0x080003a9   Thumb Code     0  libinit2.o(.ARM.Collect$$libinit$$00000011)
    __rt_lib_init_lc_ctype_2                 0x080003a9   Thumb Code     0  libinit2.o(.ARM.Collect$$libinit$$00000012)
    __rt_lib_init_alloca_1                   0x080003b5   Thumb Code     0  libinit2.o(.ARM.Collect$$libinit$$0000002E)
    __rt_lib_init_argv_1                     0x080003b5   Thumb Code     0  libinit2.o(.ARM.Collect$$libinit$$0000002C)
    __rt_lib_init_atexit_1                   0x080003b5   Thumb Code     0  libinit2.o(.ARM.Collect$$libinit$$0000001B)
    __rt_lib_init_clock_1                    0x080003b5   Thumb Code     0  libinit2.o(.ARM.Collect$$libinit$$00000021)
    __rt_lib_init_cpp_1                      0x080003b5   Thumb Code     0  libinit2.o(.ARM.Collect$$libinit$$00000032)
    __rt_lib_init_exceptions_1               0x080003b5   Thumb Code     0  libinit2.o(.ARM.Collect$$libinit$$00000030)
    __rt_lib_init_fp_trap_1                  0x080003b5   Thumb Code     0  libinit2.o(.ARM.Collect$$libinit$$0000001F)
    __rt_lib_init_getenv_1                   0x080003b5   Thumb Code     0  libinit2.o(.ARM.Collect$$libinit$$00000023)
    __rt_lib_init_lc_ctype_1                 0x080003b5   Thumb Code     0  libinit2.o(.ARM.Collect$$libinit$$00000013)
    __rt_lib_init_lc_monetary_1              0x080003b5   Thumb Code     0  libinit2.o(.ARM.Collect$$libinit$$00000015)
    __rt_lib_init_lc_numeric_1               0x080003b5   Thumb Code     0  libinit2.o(.ARM.Collect$$libinit$$00000017)
    __rt_lib_init_lc_time_1                  0x080003b5   Thumb Code     0  libinit2.o(.ARM.Collect$$libinit$$00000019)
    __rt_lib_init_return                     0x080003b5   Thumb Code     0  libinit2.o(.ARM.Collect$$libinit$$00000033)
    __rt_lib_init_signal_1                   0x080003b5   Thumb Code     0  libinit2.o(.ARM.Collect$$libinit$$0000001D)
    __rt_lib_init_stdio_1                    0x080003b5   Thumb Code     0  libinit2.o(.ARM.Collect$$libinit$$00000025)
    __rt_lib_shutdown                        0x080003b7   Thumb Code     0  libshutdown.o(.ARM.Collect$$libshutdown$$00000000)
    __rt_lib_shutdown_cpp_1                  0x080003b9   Thumb Code     0  libshutdown2.o(.ARM.Collect$$libshutdown$$00000004)
    __rt_lib_shutdown_fini_1                 0x080003b9   Thumb Code     0  libshutdown2.o(.ARM.Collect$$libshutdown$$00000002)
    __rt_lib_shutdown_fp_trap_1              0x080003b9   Thumb Code     0  libshutdown2.o(.ARM.Collect$$libshutdown$$00000009)
    __rt_lib_shutdown_heap_1                 0x080003b9   Thumb Code     0  libshutdown2.o(.ARM.Collect$$libshutdown$$00000011)
    __rt_lib_shutdown_return                 0x080003b9   Thumb Code     0  libshutdown2.o(.ARM.Collect$$libshutdown$$00000012)
    __rt_lib_shutdown_signal_1               0x080003b9   Thumb Code     0  libshutdown2.o(.ARM.Collect$$libshutdown$$0000000C)
    __rt_lib_shutdown_stdio_1                0x080003b9   Thumb Code     0  libshutdown2.o(.ARM.Collect$$libshutdown$$00000006)
    __rt_lib_shutdown_user_alloc_1           0x080003b9   Thumb Code     0  libshutdown2.o(.ARM.Collect$$libshutdown$$0000000E)
    __rt_entry                               0x080003bb   Thumb Code     0  __rtentry.o(.ARM.Collect$$rtentry$$00000000)
    __rt_entry_presh_1                       0x080003bb   Thumb Code     0  __rtentry2.o(.ARM.Collect$$rtentry$$00000002)
    __rt_entry_sh                            0x080003bb   Thumb Code     0  __rtentry4.o(.ARM.Collect$$rtentry$$00000004)
    __rt_entry_li                            0x080003c1   Thumb Code     0  __rtentry2.o(.ARM.Collect$$rtentry$$0000000A)
    __rt_entry_postsh_1                      0x080003c1   Thumb Code     0  __rtentry2.o(.ARM.Collect$$rtentry$$00000009)
    __rt_entry_main                          0x080003c5   Thumb Code     0  __rtentry2.o(.ARM.Collect$$rtentry$$0000000D)
    __rt_entry_postli_1                      0x080003c5   Thumb Code     0  __rtentry2.o(.ARM.Collect$$rtentry$$0000000C)
    __rt_exit                                0x080003cd   Thumb Code     0  rtexit.o(.ARM.Collect$$rtexit$$00000000)
    __rt_exit_ls                             0x080003cf   Thumb Code     0  rtexit2.o(.ARM.Collect$$rtexit$$00000003)
    __rt_exit_prels_1                        0x080003cf   Thumb Code     0  rtexit2.o(.ARM.Collect$$rtexit$$00000002)
    __rt_exit_exit                           0x080003d3   Thumb Code     0  rtexit2.o(.ARM.Collect$$rtexit$$00000004)
    Reset_Handler                            0x080003d9   Thumb Code     8  startup_stm32h743xx.o(.text)
    ADC3_IRQHandler                          0x080003f3   Thumb Code     0  startup_stm32h743xx.o(.text)
    ADC_IRQHandler                           0x080003f3   Thumb Code     0  startup_stm32h743xx.o(.text)
    BDMA_Channel0_IRQHandler                 0x080003f3   Thumb Code     0  startup_stm32h743xx.o(.text)
    BDMA_Channel1_IRQHandler                 0x080003f3   Thumb Code     0  startup_stm32h743xx.o(.text)
    BDMA_Channel2_IRQHandler                 0x080003f3   Thumb Code     0  startup_stm32h743xx.o(.text)
    BDMA_Channel3_IRQHandler                 0x080003f3   Thumb Code     0  startup_stm32h743xx.o(.text)
    BDMA_Channel4_IRQHandler                 0x080003f3   Thumb Code     0  startup_stm32h743xx.o(.text)
    BDMA_Channel5_IRQHandler                 0x080003f3   Thumb Code     0  startup_stm32h743xx.o(.text)
    BDMA_Channel6_IRQHandler                 0x080003f3   Thumb Code     0  startup_stm32h743xx.o(.text)
    BDMA_Channel7_IRQHandler                 0x080003f3   Thumb Code     0  startup_stm32h743xx.o(.text)
    CEC_IRQHandler                           0x080003f3   Thumb Code     0  startup_stm32h743xx.o(.text)
    COMP1_IRQHandler                         0x080003f3   Thumb Code     0  startup_stm32h743xx.o(.text)
    CRS_IRQHandler                           0x080003f3   Thumb Code     0  startup_stm32h743xx.o(.text)
    DCMI_IRQHandler                          0x080003f3   Thumb Code     0  startup_stm32h743xx.o(.text)
    DFSDM1_FLT0_IRQHandler                   0x080003f3   Thumb Code     0  startup_stm32h743xx.o(.text)
    DFSDM1_FLT1_IRQHandler                   0x080003f3   Thumb Code     0  startup_stm32h743xx.o(.text)
    DFSDM1_FLT2_IRQHandler                   0x080003f3   Thumb Code     0  startup_stm32h743xx.o(.text)
    DFSDM1_FLT3_IRQHandler                   0x080003f3   Thumb Code     0  startup_stm32h743xx.o(.text)
    DMA1_Stream0_IRQHandler                  0x080003f3   Thumb Code     0  startup_stm32h743xx.o(.text)
    DMA1_Stream1_IRQHandler                  0x080003f3   Thumb Code     0  startup_stm32h743xx.o(.text)
    DMA1_Stream2_IRQHandler                  0x080003f3   Thumb Code     0  startup_stm32h743xx.o(.text)
    DMA1_Stream3_IRQHandler                  0x080003f3   Thumb Code     0  startup_stm32h743xx.o(.text)
    DMA1_Stream4_IRQHandler                  0x080003f3   Thumb Code     0  startup_stm32h743xx.o(.text)
    DMA1_Stream5_IRQHandler                  0x080003f3   Thumb Code     0  startup_stm32h743xx.o(.text)
    DMA1_Stream6_IRQHandler                  0x080003f3   Thumb Code     0  startup_stm32h743xx.o(.text)
    DMA1_Stream7_IRQHandler                  0x080003f3   Thumb Code     0  startup_stm32h743xx.o(.text)
    DMA2D_IRQHandler                         0x080003f3   Thumb Code     0  startup_stm32h743xx.o(.text)
    DMA2_Stream0_IRQHandler                  0x080003f3   Thumb Code     0  startup_stm32h743xx.o(.text)
    DMA2_Stream1_IRQHandler                  0x080003f3   Thumb Code     0  startup_stm32h743xx.o(.text)
    DMA2_Stream2_IRQHandler                  0x080003f3   Thumb Code     0  startup_stm32h743xx.o(.text)
    DMA2_Stream3_IRQHandler                  0x080003f3   Thumb Code     0  startup_stm32h743xx.o(.text)
    DMA2_Stream4_IRQHandler                  0x080003f3   Thumb Code     0  startup_stm32h743xx.o(.text)
    DMA2_Stream5_IRQHandler                  0x080003f3   Thumb Code     0  startup_stm32h743xx.o(.text)
    DMA2_Stream6_IRQHandler                  0x080003f3   Thumb Code     0  startup_stm32h743xx.o(.text)
    DMA2_Stream7_IRQHandler                  0x080003f3   Thumb Code     0  startup_stm32h743xx.o(.text)
    DMAMUX1_OVR_IRQHandler                   0x080003f3   Thumb Code     0  startup_stm32h743xx.o(.text)
    DMAMUX2_OVR_IRQHandler                   0x080003f3   Thumb Code     0  startup_stm32h743xx.o(.text)
    ECC_IRQHandler                           0x080003f3   Thumb Code     0  startup_stm32h743xx.o(.text)
    ETH_IRQHandler                           0x080003f3   Thumb Code     0  startup_stm32h743xx.o(.text)
    ETH_WKUP_IRQHandler                      0x080003f3   Thumb Code     0  startup_stm32h743xx.o(.text)
    EXTI0_IRQHandler                         0x080003f3   Thumb Code     0  startup_stm32h743xx.o(.text)
    EXTI15_10_IRQHandler                     0x080003f3   Thumb Code     0  startup_stm32h743xx.o(.text)
    EXTI1_IRQHandler                         0x080003f3   Thumb Code     0  startup_stm32h743xx.o(.text)
    EXTI2_IRQHandler                         0x080003f3   Thumb Code     0  startup_stm32h743xx.o(.text)
    EXTI3_IRQHandler                         0x080003f3   Thumb Code     0  startup_stm32h743xx.o(.text)
    EXTI4_IRQHandler                         0x080003f3   Thumb Code     0  startup_stm32h743xx.o(.text)
    FDCAN1_IT0_IRQHandler                    0x080003f3   Thumb Code     0  startup_stm32h743xx.o(.text)
    FDCAN1_IT1_IRQHandler                    0x080003f3   Thumb Code     0  startup_stm32h743xx.o(.text)
    FDCAN2_IT0_IRQHandler                    0x080003f3   Thumb Code     0  startup_stm32h743xx.o(.text)
    FDCAN2_IT1_IRQHandler                    0x080003f3   Thumb Code     0  startup_stm32h743xx.o(.text)
    FDCAN_CAL_IRQHandler                     0x080003f3   Thumb Code     0  startup_stm32h743xx.o(.text)
    FLASH_IRQHandler                         0x080003f3   Thumb Code     0  startup_stm32h743xx.o(.text)
    FMC_IRQHandler                           0x080003f3   Thumb Code     0  startup_stm32h743xx.o(.text)
    FPU_IRQHandler                           0x080003f3   Thumb Code     0  startup_stm32h743xx.o(.text)
    HRTIM1_FLT_IRQHandler                    0x080003f3   Thumb Code     0  startup_stm32h743xx.o(.text)
    HRTIM1_Master_IRQHandler                 0x080003f3   Thumb Code     0  startup_stm32h743xx.o(.text)
    HRTIM1_TIMA_IRQHandler                   0x080003f3   Thumb Code     0  startup_stm32h743xx.o(.text)
    HRTIM1_TIMB_IRQHandler                   0x080003f3   Thumb Code     0  startup_stm32h743xx.o(.text)
    HRTIM1_TIMC_IRQHandler                   0x080003f3   Thumb Code     0  startup_stm32h743xx.o(.text)
    HRTIM1_TIMD_IRQHandler                   0x080003f3   Thumb Code     0  startup_stm32h743xx.o(.text)
    HRTIM1_TIME_IRQHandler                   0x080003f3   Thumb Code     0  startup_stm32h743xx.o(.text)
    HSEM1_IRQHandler                         0x080003f3   Thumb Code     0  startup_stm32h743xx.o(.text)
    I2C1_ER_IRQHandler                       0x080003f3   Thumb Code     0  startup_stm32h743xx.o(.text)
    I2C1_EV_IRQHandler                       0x080003f3   Thumb Code     0  startup_stm32h743xx.o(.text)
    I2C2_ER_IRQHandler                       0x080003f3   Thumb Code     0  startup_stm32h743xx.o(.text)
    I2C2_EV_IRQHandler                       0x080003f3   Thumb Code     0  startup_stm32h743xx.o(.text)
    I2C3_ER_IRQHandler                       0x080003f3   Thumb Code     0  startup_stm32h743xx.o(.text)
    I2C3_EV_IRQHandler                       0x080003f3   Thumb Code     0  startup_stm32h743xx.o(.text)
    I2C4_ER_IRQHandler                       0x080003f3   Thumb Code     0  startup_stm32h743xx.o(.text)
    I2C4_EV_IRQHandler                       0x080003f3   Thumb Code     0  startup_stm32h743xx.o(.text)
    JPEG_IRQHandler                          0x080003f3   Thumb Code     0  startup_stm32h743xx.o(.text)
    LPTIM1_IRQHandler                        0x080003f3   Thumb Code     0  startup_stm32h743xx.o(.text)
    LPTIM2_IRQHandler                        0x080003f3   Thumb Code     0  startup_stm32h743xx.o(.text)
    LPTIM3_IRQHandler                        0x080003f3   Thumb Code     0  startup_stm32h743xx.o(.text)
    LPTIM4_IRQHandler                        0x080003f3   Thumb Code     0  startup_stm32h743xx.o(.text)
    LPTIM5_IRQHandler                        0x080003f3   Thumb Code     0  startup_stm32h743xx.o(.text)
    LPUART1_IRQHandler                       0x080003f3   Thumb Code     0  startup_stm32h743xx.o(.text)
    LTDC_ER_IRQHandler                       0x080003f3   Thumb Code     0  startup_stm32h743xx.o(.text)
    LTDC_IRQHandler                          0x080003f3   Thumb Code     0  startup_stm32h743xx.o(.text)
    MDIOS_IRQHandler                         0x080003f3   Thumb Code     0  startup_stm32h743xx.o(.text)
    MDIOS_WKUP_IRQHandler                    0x080003f3   Thumb Code     0  startup_stm32h743xx.o(.text)
    MDMA_IRQHandler                          0x080003f3   Thumb Code     0  startup_stm32h743xx.o(.text)
    OTG_FS_EP1_IN_IRQHandler                 0x080003f3   Thumb Code     0  startup_stm32h743xx.o(.text)
    OTG_FS_EP1_OUT_IRQHandler                0x080003f3   Thumb Code     0  startup_stm32h743xx.o(.text)
    OTG_FS_IRQHandler                        0x080003f3   Thumb Code     0  startup_stm32h743xx.o(.text)
    OTG_FS_WKUP_IRQHandler                   0x080003f3   Thumb Code     0  startup_stm32h743xx.o(.text)
    OTG_HS_EP1_IN_IRQHandler                 0x080003f3   Thumb Code     0  startup_stm32h743xx.o(.text)
    OTG_HS_EP1_OUT_IRQHandler                0x080003f3   Thumb Code     0  startup_stm32h743xx.o(.text)
    OTG_HS_IRQHandler                        0x080003f3   Thumb Code     0  startup_stm32h743xx.o(.text)
    OTG_HS_WKUP_IRQHandler                   0x080003f3   Thumb Code     0  startup_stm32h743xx.o(.text)
    PVD_AVD_IRQHandler                       0x080003f3   Thumb Code     0  startup_stm32h743xx.o(.text)
    QUADSPI_IRQHandler                       0x080003f3   Thumb Code     0  startup_stm32h743xx.o(.text)
    RCC_IRQHandler                           0x080003f3   Thumb Code     0  startup_stm32h743xx.o(.text)
    RNG_IRQHandler                           0x080003f3   Thumb Code     0  startup_stm32h743xx.o(.text)
    RTC_Alarm_IRQHandler                     0x080003f3   Thumb Code     0  startup_stm32h743xx.o(.text)
    RTC_WKUP_IRQHandler                      0x080003f3   Thumb Code     0  startup_stm32h743xx.o(.text)
    SAI1_IRQHandler                          0x080003f3   Thumb Code     0  startup_stm32h743xx.o(.text)
    SAI2_IRQHandler                          0x080003f3   Thumb Code     0  startup_stm32h743xx.o(.text)
    SAI3_IRQHandler                          0x080003f3   Thumb Code     0  startup_stm32h743xx.o(.text)
    SAI4_IRQHandler                          0x080003f3   Thumb Code     0  startup_stm32h743xx.o(.text)
    SDMMC1_IRQHandler                        0x080003f3   Thumb Code     0  startup_stm32h743xx.o(.text)
    SDMMC2_IRQHandler                        0x080003f3   Thumb Code     0  startup_stm32h743xx.o(.text)
    SPDIF_RX_IRQHandler                      0x080003f3   Thumb Code     0  startup_stm32h743xx.o(.text)
    SPI1_IRQHandler                          0x080003f3   Thumb Code     0  startup_stm32h743xx.o(.text)
    SPI2_IRQHandler                          0x080003f3   Thumb Code     0  startup_stm32h743xx.o(.text)
    SPI3_IRQHandler                          0x080003f3   Thumb Code     0  startup_stm32h743xx.o(.text)
    SPI4_IRQHandler                          0x080003f3   Thumb Code     0  startup_stm32h743xx.o(.text)
    SPI5_IRQHandler                          0x080003f3   Thumb Code     0  startup_stm32h743xx.o(.text)
    SPI6_IRQHandler                          0x080003f3   Thumb Code     0  startup_stm32h743xx.o(.text)
    SWPMI1_IRQHandler                        0x080003f3   Thumb Code     0  startup_stm32h743xx.o(.text)
    TAMP_STAMP_IRQHandler                    0x080003f3   Thumb Code     0  startup_stm32h743xx.o(.text)
    TIM15_IRQHandler                         0x080003f3   Thumb Code     0  startup_stm32h743xx.o(.text)
    TIM16_IRQHandler                         0x080003f3   Thumb Code     0  startup_stm32h743xx.o(.text)
    TIM17_IRQHandler                         0x080003f3   Thumb Code     0  startup_stm32h743xx.o(.text)
    TIM1_BRK_IRQHandler                      0x080003f3   Thumb Code     0  startup_stm32h743xx.o(.text)
    TIM1_CC_IRQHandler                       0x080003f3   Thumb Code     0  startup_stm32h743xx.o(.text)
    TIM1_TRG_COM_IRQHandler                  0x080003f3   Thumb Code     0  startup_stm32h743xx.o(.text)
    TIM1_UP_IRQHandler                       0x080003f3   Thumb Code     0  startup_stm32h743xx.o(.text)
    TIM2_IRQHandler                          0x080003f3   Thumb Code     0  startup_stm32h743xx.o(.text)
    TIM3_IRQHandler                          0x080003f3   Thumb Code     0  startup_stm32h743xx.o(.text)
    TIM4_IRQHandler                          0x080003f3   Thumb Code     0  startup_stm32h743xx.o(.text)
    TIM5_IRQHandler                          0x080003f3   Thumb Code     0  startup_stm32h743xx.o(.text)
    TIM6_DAC_IRQHandler                      0x080003f3   Thumb Code     0  startup_stm32h743xx.o(.text)
    TIM7_IRQHandler                          0x080003f3   Thumb Code     0  startup_stm32h743xx.o(.text)
    TIM8_BRK_TIM12_IRQHandler                0x080003f3   Thumb Code     0  startup_stm32h743xx.o(.text)
    TIM8_CC_IRQHandler                       0x080003f3   Thumb Code     0  startup_stm32h743xx.o(.text)
    TIM8_TRG_COM_TIM14_IRQHandler            0x080003f3   Thumb Code     0  startup_stm32h743xx.o(.text)
    TIM8_UP_TIM13_IRQHandler                 0x080003f3   Thumb Code     0  startup_stm32h743xx.o(.text)
    UART4_IRQHandler                         0x080003f3   Thumb Code     0  startup_stm32h743xx.o(.text)
    UART5_IRQHandler                         0x080003f3   Thumb Code     0  startup_stm32h743xx.o(.text)
    UART7_IRQHandler                         0x080003f3   Thumb Code     0  startup_stm32h743xx.o(.text)
    UART8_IRQHandler                         0x080003f3   Thumb Code     0  startup_stm32h743xx.o(.text)
    USART2_IRQHandler                        0x080003f3   Thumb Code     0  startup_stm32h743xx.o(.text)
    USART3_IRQHandler                        0x080003f3   Thumb Code     0  startup_stm32h743xx.o(.text)
    USART6_IRQHandler                        0x080003f3   Thumb Code     0  startup_stm32h743xx.o(.text)
    WAKEUP_PIN_IRQHandler                    0x080003f3   Thumb Code     0  startup_stm32h743xx.o(.text)
    WWDG_IRQHandler                          0x080003f3   Thumb Code     0  startup_stm32h743xx.o(.text)
    __user_initial_stackheap                 0x080003f5   Thumb Code     0  startup_stm32h743xx.o(.text)
    __aeabi_uldivmod                         0x08000419   Thumb Code     0  lludivv7m.o(.text)
    _ll_udiv                                 0x08000419   Thumb Code   238  lludivv7m.o(.text)
    _sprintf                                 0x08000509   Thumb Code    38  _sprintf.o(.text)
    strlen                                   0x08000535   Thumb Code    62  strlen.o(.text)
    __aeabi_memclr                           0x08000573   Thumb Code     0  rt_memclr.o(.text)
    __rt_memclr                              0x08000573   Thumb Code    68  rt_memclr.o(.text)
    _memset                                  0x08000577   Thumb Code     0  rt_memclr.o(.text)
    __aeabi_memclr4                          0x080005b7   Thumb Code     0  rt_memclr_w.o(.text)
    __aeabi_memclr8                          0x080005b7   Thumb Code     0  rt_memclr_w.o(.text)
    __rt_memclr_w                            0x080005b7   Thumb Code    78  rt_memclr_w.o(.text)
    _memset_w                                0x080005bb   Thumb Code     0  rt_memclr_w.o(.text)
    __use_two_region_memory                  0x08000605   Thumb Code     2  heapauxi.o(.text)
    __rt_heap_escrow$2region                 0x08000607   Thumb Code     2  heapauxi.o(.text)
    __rt_heap_expand$2region                 0x08000609   Thumb Code     2  heapauxi.o(.text)
    _printf_pre_padding                      0x0800060b   Thumb Code    44  _printf_pad.o(.text)
    _printf_post_padding                     0x08000637   Thumb Code    34  _printf_pad.o(.text)
    _printf_truncate_signed                  0x08000659   Thumb Code    18  _printf_truncate.o(.text)
    _printf_truncate_unsigned                0x0800066b   Thumb Code    18  _printf_truncate.o(.text)
    _printf_str                              0x0800067d   Thumb Code    82  _printf_str.o(.text)
    _printf_int_dec                          0x080006d1   Thumb Code   104  _printf_dec.o(.text)
    _printf_charcount                        0x08000749   Thumb Code    40  _printf_charcount.o(.text)
    _printf_char_common                      0x0800077b   Thumb Code    32  _printf_char_common.o(.text)
    _sputc                                   0x080007a1   Thumb Code    10  _sputc.o(.text)
    _printf_wctomb                           0x080007ad   Thumb Code   182  _printf_wctomb.o(.text)
    _printf_longlong_dec                     0x08000869   Thumb Code   108  _printf_longlong_dec.o(.text)
    _printf_longlong_oct                     0x080008e5   Thumb Code    66  _printf_oct_int_ll.o(.text)
    _printf_int_oct                          0x08000927   Thumb Code    24  _printf_oct_int_ll.o(.text)
    _printf_ll_oct                           0x0800093f   Thumb Code    12  _printf_oct_int_ll.o(.text)
    _printf_longlong_hex                     0x08000955   Thumb Code    86  _printf_hex_int_ll_ptr.o(.text)
    _printf_int_hex                          0x080009ab   Thumb Code    28  _printf_hex_int_ll_ptr.o(.text)
    _printf_ll_hex                           0x080009c7   Thumb Code    12  _printf_hex_int_ll_ptr.o(.text)
    _printf_hex_ptr                          0x080009d3   Thumb Code    18  _printf_hex_int_ll_ptr.o(.text)
    __printf                                 0x080009e9   Thumb Code   388  __printf_flags_ss_wp.o(.text)
    _ll_udiv10                               0x08000b71   Thumb Code   138  lludiv10.o(.text)
    _printf_int_common                       0x08000bfb   Thumb Code   178  _printf_intcommon.o(.text)
    _printf_cs_common                        0x08000cad   Thumb Code    20  _printf_char.o(.text)
    _printf_char                             0x08000cc1   Thumb Code    16  _printf_char.o(.text)
    _printf_string                           0x08000cd1   Thumb Code     8  _printf_char.o(.text)
    _printf_lcs_common                       0x08000cd9   Thumb Code    20  _printf_wchar.o(.text)
    _printf_wchar                            0x08000ced   Thumb Code    16  _printf_wchar.o(.text)
    _printf_wstring                          0x08000cfd   Thumb Code     8  _printf_wchar.o(.text)
    _wcrtomb                                 0x08000d05   Thumb Code    64  _wcrtomb.o(.text)
    __user_setup_stackheap                   0x08000d45   Thumb Code    74  sys_stackheap_outer.o(.text)
    __rt_ctype_table                         0x08000d91   Thumb Code    16  rt_ctype_table.o(.text)
    exit                                     0x08000da1   Thumb Code    18  exit.o(.text)
    __user_libspace                          0x08000db5   Thumb Code     8  libspace.o(.text)
    __user_perproc_libspace                  0x08000db5   Thumb Code     0  libspace.o(.text)
    __user_perthread_libspace                0x08000db5   Thumb Code     0  libspace.o(.text)
    __rt_locale                              0x08000dbd   Thumb Code     8  rt_locale_intlibspace.o(.text)
    _sys_exit                                0x08000dc5   Thumb Code     8  sys_exit.o(.text)
    strcmp                                   0x08000dd1   Thumb Code   104  strcmpv7m_pel.o(.text)
    __I$use$semihosting                      0x08000e39   Thumb Code     0  use_no_semi.o(.text)
    __use_no_semihosting_swi                 0x08000e39   Thumb Code     2  use_no_semi.o(.text)
    BusFault_Handler                         0x08000e3b   Thumb Code     2  stm32h7xx_it.o(i.BusFault_Handler)
    __semihosting_library_function           0x08000e3b   Thumb Code     0  indicate_semi.o(.text)
    DebugMon_Handler                         0x08000e3d   Thumb Code     2  stm32h7xx_it.o(i.DebugMon_Handler)
    EXTI9_5_IRQHandler                       0x08000e3f   Thumb Code     6  stm32h7xx_it.o(i.EXTI9_5_IRQHandler)
    Error_Handler                            0x08000e45   Thumb Code     4  main.o(i.Error_Handler)
    HAL_DMA_Abort                            0x08000e49   Thumb Code   766  stm32h7xx_hal_dma.o(i.HAL_DMA_Abort)
    HAL_DMA_Abort_IT                         0x080011a9   Thumb Code   524  stm32h7xx_hal_dma.o(i.HAL_DMA_Abort_IT)
    HAL_Delay                                0x08001415   Thumb Code    34  stm32h7xx_hal.o(i.HAL_Delay)
    HAL_GPIO_EXTI_Callback                   0x0800143d   Thumb Code    14  stm32h7xx_it.o(i.HAL_GPIO_EXTI_Callback)
    HAL_GPIO_EXTI_IRQHandler                 0x08001451   Thumb Code    26  stm32h7xx_hal_gpio.o(i.HAL_GPIO_EXTI_IRQHandler)
    HAL_GPIO_Init                            0x0800146d   Thumb Code   878  stm32h7xx_hal_gpio.o(i.HAL_GPIO_Init)
    HAL_GPIO_WritePin                        0x0800182d   Thumb Code    48  stm32h7xx_hal_gpio.o(i.HAL_GPIO_WritePin)
    HAL_GetREVID                             0x08001899   Thumb Code     8  stm32h7xx_hal.o(i.HAL_GetREVID)
    HAL_GetTick                              0x080018a5   Thumb Code     6  stm32h7xx_hal.o(i.HAL_GetTick)
    HAL_I2CEx_EnableFastModePlus             0x080018b1   Thumb Code    66  stm32h7xx_hal_i2c_ex.o(i.HAL_I2CEx_EnableFastModePlus)
    HAL_IncTick                              0x08001939   Thumb Code    12  stm32h7xx_hal.o(i.HAL_IncTick)
    HAL_Init                                 0x08001949   Thumb Code    76  stm32h7xx_hal.o(i.HAL_Init)
    HAL_InitTick                             0x080019a5   Thumb Code    56  stm32h7xx_hal.o(i.HAL_InitTick)
    HAL_MPU_ConfigRegion                     0x080019e5   Thumb Code   468  stm32h7xx_hal_cortex.o(i.HAL_MPU_ConfigRegion)
    HAL_MPU_Disable                          0x08001bf9   Thumb Code    22  stm32h7xx_hal_cortex.o(i.HAL_MPU_Disable)
    HAL_MPU_Enable                           0x08001c19   Thumb Code    28  stm32h7xx_hal_cortex.o(i.HAL_MPU_Enable)
    HAL_MspInit                              0x08001c3d   Thumb Code    24  stm32h7xx_hal_msp.o(i.HAL_MspInit)
    HAL_NVIC_EnableIRQ                       0x08001c59   Thumb Code    44  stm32h7xx_hal_cortex.o(i.HAL_NVIC_EnableIRQ)
    HAL_NVIC_SetPriority                     0x08001cc1   Thumb Code   116  stm32h7xx_hal_cortex.o(i.HAL_NVIC_SetPriority)
    HAL_NVIC_SetPriorityGrouping             0x08001d75   Thumb Code    62  stm32h7xx_hal_cortex.o(i.HAL_NVIC_SetPriorityGrouping)
    HAL_PWREx_ConfigSupply                   0x08001df5   Thumb Code   102  stm32h7xx_hal_pwr_ex.o(i.HAL_PWREx_ConfigSupply)
    HAL_RCCEx_GetD3PCLK1Freq                 0x08001ea1   Thumb Code    26  stm32h7xx_hal_rcc_ex.o(i.HAL_RCCEx_GetD3PCLK1Freq)
    HAL_RCCEx_GetPLL2ClockFreq               0x08001ec5   Thumb Code   392  stm32h7xx_hal_rcc_ex.o(i.HAL_RCCEx_GetPLL2ClockFreq)
    HAL_RCCEx_GetPLL3ClockFreq               0x08002071   Thumb Code   392  stm32h7xx_hal_rcc_ex.o(i.HAL_RCCEx_GetPLL3ClockFreq)
    HAL_RCCEx_PeriphCLKConfig                0x0800221d   Thumb Code  3346  stm32h7xx_hal_rcc_ex.o(i.HAL_RCCEx_PeriphCLKConfig)
    HAL_RCC_ClockConfig                      0x08002f39   Thumb Code  1246  stm32h7xx_hal_rcc.o(i.HAL_RCC_ClockConfig)
    HAL_RCC_GetHCLKFreq                      0x0800342d   Thumb Code    56  stm32h7xx_hal_rcc.o(i.HAL_RCC_GetHCLKFreq)
    HAL_RCC_GetPCLK1Freq                     0x08003475   Thumb Code    72  stm32h7xx_hal_rcc.o(i.HAL_RCC_GetPCLK1Freq)
    HAL_RCC_GetPCLK2Freq                     0x080034d1   Thumb Code    72  stm32h7xx_hal_rcc.o(i.HAL_RCC_GetPCLK2Freq)
    HAL_RCC_GetSysClockFreq                  0x0800352d   Thumb Code   378  stm32h7xx_hal_rcc.o(i.HAL_RCC_GetSysClockFreq)
    HAL_RCC_OscConfig                        0x080036d5   Thumb Code  2132  stm32h7xx_hal_rcc.o(i.HAL_RCC_OscConfig)
    HAL_SPI_Init                             0x08003f3d   Thumb Code   898  stm32h7xx_hal_spi.o(i.HAL_SPI_Init)
    HAL_SPI_MspInit                          0x08004305   Thumb Code   184  spi.o(i.HAL_SPI_MspInit)
    HAL_SPI_Receive                          0x080043cd   Thumb Code   548  stm32h7xx_hal_spi.o(i.HAL_SPI_Receive)
    HAL_SPI_Transmit                         0x08004629   Thumb Code   666  stm32h7xx_hal_spi.o(i.HAL_SPI_Transmit)
    HAL_SPI_TransmitReceive                  0x080048fd   Thumb Code   728  stm32h7xx_hal_spi.o(i.HAL_SPI_TransmitReceive)
    HAL_SYSTICK_Config                       0x08004c0d   Thumb Code    36  stm32h7xx_hal_cortex.o(i.HAL_SYSTICK_Config)
    HAL_UARTEx_DisableFifoMode               0x08004c35   Thumb Code   162  stm32h7xx_hal_uart_ex.o(i.HAL_UARTEx_DisableFifoMode)
    HAL_UARTEx_RxEventCallback               0x08004d15   Thumb Code     2  stm32h7xx_hal_uart.o(i.HAL_UARTEx_RxEventCallback)
    HAL_UARTEx_RxFifoFullCallback            0x08004d17   Thumb Code     2  stm32h7xx_hal_uart_ex.o(i.HAL_UARTEx_RxFifoFullCallback)
    HAL_UARTEx_SetRxFifoThreshold            0x08004d19   Thumb Code   274  stm32h7xx_hal_uart_ex.o(i.HAL_UARTEx_SetRxFifoThreshold)
    HAL_UARTEx_SetTxFifoThreshold            0x08004e6d   Thumb Code   274  stm32h7xx_hal_uart_ex.o(i.HAL_UARTEx_SetTxFifoThreshold)
    HAL_UARTEx_TxFifoEmptyCallback           0x08004fc1   Thumb Code     2  stm32h7xx_hal_uart_ex.o(i.HAL_UARTEx_TxFifoEmptyCallback)
    HAL_UARTEx_WakeupCallback                0x08004fc3   Thumb Code     2  stm32h7xx_hal_uart_ex.o(i.HAL_UARTEx_WakeupCallback)
    HAL_UART_ErrorCallback                   0x08004fc5   Thumb Code     2  stm32h7xx_hal_uart.o(i.HAL_UART_ErrorCallback)
    HAL_UART_IRQHandler                      0x08004fc9   Thumb Code  1006  stm32h7xx_hal_uart.o(i.HAL_UART_IRQHandler)
    HAL_UART_Init                            0x08005401   Thumb Code   236  stm32h7xx_hal_uart.o(i.HAL_UART_Init)
    HAL_UART_MspInit                         0x0800554d   Thumb Code   194  usart.o(i.HAL_UART_MspInit)
    HAL_UART_Transmit_IT                     0x0800561d   Thumb Code   172  stm32h7xx_hal_uart.o(i.HAL_UART_Transmit_IT)
    HAL_UART_TxCpltCallback                  0x080056d9   Thumb Code     2  stm32h7xx_hal_uart.o(i.HAL_UART_TxCpltCallback)
    HardFault_Handler                        0x080056db   Thumb Code     2  stm32h7xx_it.o(i.HardFault_Handler)
    MX_GPIO_Init                             0x080056dd   Thumb Code   138  gpio.o(i.MX_GPIO_Init)
    MX_SPI1_Init                             0x08005775   Thumb Code    84  spi.o(i.MX_SPI1_Init)
    MX_USART1_UART_Init                      0x080057d1   Thumb Code   106  usart.o(i.MX_USART1_UART_Init)
    MemManage_Handler                        0x08005849   Thumb Code     2  stm32h7xx_it.o(i.MemManage_Handler)
    NMI_Handler                              0x0800584b   Thumb Code     2  stm32h7xx_it.o(i.NMI_Handler)
    PendSV_Handler                           0x0800584d   Thumb Code     2  stm32h7xx_it.o(i.PendSV_Handler)
    SVC_Handler                              0x08005d57   Thumb Code     2  stm32h7xx_it.o(i.SVC_Handler)
    SysTick_Handler                          0x08005d59   Thumb Code     4  stm32h7xx_it.o(i.SysTick_Handler)
    SystemClock_Config                       0x08005d5d   Thumb Code   182  main.o(i.SystemClock_Config)
    SystemInit                               0x08005e21   Thumb Code   202  system_stm32h7xx.o(i.SystemInit)
    UART_AdvFeatureConfig                    0x08005f25   Thumb Code   540  stm32h7xx_hal_uart.o(i.UART_AdvFeatureConfig)
    UART_CheckIdleState                      0x0800617d   Thumb Code   100  stm32h7xx_hal_uart.o(i.UART_CheckIdleState)
    UART_SetConfig                           0x080061f5   Thumb Code  1330  stm32h7xx_hal_uart.o(i.UART_SetConfig)
    UART_WaitOnFlagUntilTimeout              0x080068ad   Thumb Code   228  stm32h7xx_hal_uart.o(i.UART_WaitOnFlagUntilTimeout)
    USART1_IRQHandler                        0x08006991   Thumb Code     6  stm32h7xx_it.o(i.USART1_IRQHandler)
    UsageFault_Handler                       0x0800699d   Thumb Code     2  stm32h7xx_it.o(i.UsageFault_Handler)
    _is_digit                                0x0800699f   Thumb Code    14  __printf_wp.o(i._is_digit)
    assert_failed                            0x080069ad   Thumb Code     2  main.o(i.assert_failed)
    iis3dwb_acceleration_raw_get             0x080069af   Thumb Code    72  iis3dwb_reg.o(i.iis3dwb_acceleration_raw_get)
    iis3dwb_block_data_update_set            0x080069f7   Thumb Code    52  iis3dwb_reg.o(i.iis3dwb_block_data_update_set)
    iis3dwb_data_ready_mode_set              0x08006a2b   Thumb Code    52  iis3dwb_reg.o(i.iis3dwb_data_ready_mode_set)
    iis3dwb_device_id_get                    0x08006a5f   Thumb Code    18  iis3dwb_reg.o(i.iis3dwb_device_id_get)
    iis3dwb_pin_int1_route_set               0x08006a71   Thumb Code   248  iis3dwb_reg.o(i.iis3dwb_pin_int1_route_set)
    iis3dwb_reset_get                        0x08006b69   Thumb Code    30  iis3dwb_reg.o(i.iis3dwb_reset_get)
    iis3dwb_reset_set                        0x08006b87   Thumb Code    52  iis3dwb_reg.o(i.iis3dwb_reset_set)
    iis3dwb_xl_data_rate_set                 0x08006bbb   Thumb Code    52  iis3dwb_reg.o(i.iis3dwb_xl_data_rate_set)
    iis3dwb_xl_filt_path_on_out_set          0x08006bef   Thumb Code   126  iis3dwb_reg.o(i.iis3dwb_xl_filt_path_on_out_set)
    iis3dwb_xl_full_scale_set                0x08006c6d   Thumb Code    52  iis3dwb_reg.o(i.iis3dwb_xl_full_scale_set)
    main                                     0x08006ca1   Thumb Code   576  main.o(i.main)
    _get_lc_ctype                            0x08006ff1   Thumb Code    44  lc_ctype_c.o(locale$$code)
    _fp_init                                 0x0800701d   Thumb Code    10  fpinit.o(x$fpl$fpinit)
    __fplib_config_fpu_vfp                   0x08007025   Thumb Code     0  fpinit.o(x$fpl$fpinit)
    __fplib_config_pureend_doubles           0x08007025   Thumb Code     0  fpinit.o(x$fpl$fpinit)
    UARTPrescTable                           0x08007026   Data          24  stm32h7xx_hal_uart.o(.constdata)
    D1CorePrescTable                         0x0800704e   Data          16  system_stm32h7xx.o(.constdata)
    Region$$Table$$Base                      0x080070a4   Number         0  anon$$obj.o(Region$$Table)
    Region$$Table$$Limit                     0x080070c4   Number         0  anon$$obj.o(Region$$Table)
    __ctype                                  0x080070d1   Data           0  lc_ctype_c.o(locale$$data)
    getMeas                                  0x24000000   Data           1  main.o(.data)
    no                                       0x24000010   Data           8  main.o(.data)
    uwTickFreq                               0x24000018   Data           1  stm32h7xx_hal.o(.data)
    uwTickPrio                               0x2400001c   Data           4  stm32h7xx_hal.o(.data)
    uwTick                                   0x24000020   Data           4  stm32h7xx_hal.o(.data)
    SystemCoreClock                          0x24000024   Data           4  system_stm32h7xx.o(.data)
    SystemD2Clock                            0x24000028   Data           4  system_stm32h7xx.o(.data)
    data_string                              0x2400002c   Data          25  main.o(.bss)
    hspi1                                    0x24000048   Data         136  spi.o(.bss)
    huart1                                   0x240000d0   Data         144  usart.o(.bss)
    __libspace_start                         0x24000160   Data          96  libspace.o(.bss)
    __temporary_stack_top$libspace           0x240001c0   Data           0  libspace.o(.bss)



==============================================================================

Memory Map of the image

  Image Entry point : 0x08000299

  Load Region LR_IROM1 (Base: 0x08000000, Size: 0x00007200, Max: 0x00200000, ABSOLUTE)

    Execution Region ER_IROM1 (Exec base: 0x08000000, Load base: 0x08000000, Size: 0x000071d4, Max: 0x00200000, ABSOLUTE)

    Exec Addr    Load Addr    Size         Type   Attr      Idx    E Section Name        Object

    0x08000000   0x08000000   0x00000298   Data   RO            3    RESET               startup_stm32h743xx.o
    0x08000298   0x08000298   0x00000008   Code   RO         4337  * !!!main             c_w.l(__main.o)
    0x080002a0   0x080002a0   0x00000034   Code   RO         4622    !!!scatter          c_w.l(__scatter.o)
    0x080002d4   0x080002d4   0x0000001a   Code   RO         4624    !!handler_copy      c_w.l(__scatter_copy.o)
    0x080002ee   0x080002ee   0x00000002   PAD
    0x080002f0   0x080002f0   0x0000001c   Code   RO         4626    !!handler_zi        c_w.l(__scatter_zi.o)
    0x0800030c   0x0800030c   0x00000000   Code   RO         4425    .ARM.Collect$$_printf_percent$$00000000  c_w.l(_printf_percent.o)
    0x0800030c   0x0800030c   0x00000006   Code   RO         4414    .ARM.Collect$$_printf_percent$$00000001  c_w.l(_printf_n.o)
    0x08000312   0x08000312   0x00000006   Code   RO         4416    .ARM.Collect$$_printf_percent$$00000002  c_w.l(_printf_p.o)
    0x08000318   0x08000318   0x00000006   Code   RO         4421    .ARM.Collect$$_printf_percent$$00000003  c_w.l(_printf_f.o)
    0x0800031e   0x0800031e   0x00000006   Code   RO         4422    .ARM.Collect$$_printf_percent$$00000004  c_w.l(_printf_e.o)
    0x08000324   0x08000324   0x00000006   Code   RO         4423    .ARM.Collect$$_printf_percent$$00000005  c_w.l(_printf_g.o)
    0x0800032a   0x0800032a   0x00000006   Code   RO         4424    .ARM.Collect$$_printf_percent$$00000006  c_w.l(_printf_a.o)
    0x08000330   0x08000330   0x0000000a   Code   RO         4429    .ARM.Collect$$_printf_percent$$00000007  c_w.l(_printf_ll.o)
    0x0800033a   0x0800033a   0x00000006   Code   RO         4418    .ARM.Collect$$_printf_percent$$00000008  c_w.l(_printf_i.o)
    0x08000340   0x08000340   0x00000006   Code   RO         4419    .ARM.Collect$$_printf_percent$$00000009  c_w.l(_printf_d.o)
    0x08000346   0x08000346   0x00000006   Code   RO         4420    .ARM.Collect$$_printf_percent$$0000000A  c_w.l(_printf_u.o)
    0x0800034c   0x0800034c   0x00000006   Code   RO         4417    .ARM.Collect$$_printf_percent$$0000000B  c_w.l(_printf_o.o)
    0x08000352   0x08000352   0x00000006   Code   RO         4415    .ARM.Collect$$_printf_percent$$0000000C  c_w.l(_printf_x.o)
    0x08000358   0x08000358   0x00000006   Code   RO         4426    .ARM.Collect$$_printf_percent$$0000000D  c_w.l(_printf_lli.o)
    0x0800035e   0x0800035e   0x00000006   Code   RO         4427    .ARM.Collect$$_printf_percent$$0000000E  c_w.l(_printf_lld.o)
    0x08000364   0x08000364   0x00000006   Code   RO         4428    .ARM.Collect$$_printf_percent$$0000000F  c_w.l(_printf_llu.o)
    0x0800036a   0x0800036a   0x00000006   Code   RO         4433    .ARM.Collect$$_printf_percent$$00000010  c_w.l(_printf_llo.o)
    0x08000370   0x08000370   0x00000006   Code   RO         4434    .ARM.Collect$$_printf_percent$$00000011  c_w.l(_printf_llx.o)
    0x08000376   0x08000376   0x0000000a   Code   RO         4430    .ARM.Collect$$_printf_percent$$00000012  c_w.l(_printf_l.o)
    0x08000380   0x08000380   0x00000006   Code   RO         4412    .ARM.Collect$$_printf_percent$$00000013  c_w.l(_printf_c.o)
    0x08000386   0x08000386   0x00000006   Code   RO         4413    .ARM.Collect$$_printf_percent$$00000014  c_w.l(_printf_s.o)
    0x0800038c   0x0800038c   0x00000006   Code   RO         4431    .ARM.Collect$$_printf_percent$$00000015  c_w.l(_printf_lc.o)
    0x08000392   0x08000392   0x00000006   Code   RO         4432    .ARM.Collect$$_printf_percent$$00000016  c_w.l(_printf_ls.o)
    0x08000398   0x08000398   0x00000004   Code   RO         4462    .ARM.Collect$$_printf_percent$$00000017  c_w.l(_printf_percent_end.o)
    0x0800039c   0x0800039c   0x00000002   Code   RO         4480    .ARM.Collect$$libinit$$00000000  c_w.l(libinit.o)
    0x0800039e   0x0800039e   0x00000004   Code   RO         4500    .ARM.Collect$$libinit$$00000001  c_w.l(libinit2.o)
    0x080003a2   0x080003a2   0x00000000   Code   RO         4503    .ARM.Collect$$libinit$$00000004  c_w.l(libinit2.o)
    0x080003a2   0x080003a2   0x00000000   Code   RO         4506    .ARM.Collect$$libinit$$0000000A  c_w.l(libinit2.o)
    0x080003a2   0x080003a2   0x00000000   Code   RO         4508    .ARM.Collect$$libinit$$0000000C  c_w.l(libinit2.o)
    0x080003a2   0x080003a2   0x00000000   Code   RO         4510    .ARM.Collect$$libinit$$0000000E  c_w.l(libinit2.o)
    0x080003a2   0x080003a2   0x00000006   Code   RO         4511    .ARM.Collect$$libinit$$0000000F  c_w.l(libinit2.o)
    0x080003a8   0x080003a8   0x00000000   Code   RO         4513    .ARM.Collect$$libinit$$00000011  c_w.l(libinit2.o)
    0x080003a8   0x080003a8   0x0000000c   Code   RO         4514    .ARM.Collect$$libinit$$00000012  c_w.l(libinit2.o)
    0x080003b4   0x080003b4   0x00000000   Code   RO         4515    .ARM.Collect$$libinit$$00000013  c_w.l(libinit2.o)
    0x080003b4   0x080003b4   0x00000000   Code   RO         4517    .ARM.Collect$$libinit$$00000015  c_w.l(libinit2.o)
    0x080003b4   0x080003b4   0x00000000   Code   RO         4519    .ARM.Collect$$libinit$$00000017  c_w.l(libinit2.o)
    0x080003b4   0x080003b4   0x00000000   Code   RO         4521    .ARM.Collect$$libinit$$00000019  c_w.l(libinit2.o)
    0x080003b4   0x080003b4   0x00000000   Code   RO         4523    .ARM.Collect$$libinit$$0000001B  c_w.l(libinit2.o)
    0x080003b4   0x080003b4   0x00000000   Code   RO         4525    .ARM.Collect$$libinit$$0000001D  c_w.l(libinit2.o)
    0x080003b4   0x080003b4   0x00000000   Code   RO         4527    .ARM.Collect$$libinit$$0000001F  c_w.l(libinit2.o)
    0x080003b4   0x080003b4   0x00000000   Code   RO         4529    .ARM.Collect$$libinit$$00000021  c_w.l(libinit2.o)
    0x080003b4   0x080003b4   0x00000000   Code   RO         4531    .ARM.Collect$$libinit$$00000023  c_w.l(libinit2.o)
    0x080003b4   0x080003b4   0x00000000   Code   RO         4533    .ARM.Collect$$libinit$$00000025  c_w.l(libinit2.o)
    0x080003b4   0x080003b4   0x00000000   Code   RO         4537    .ARM.Collect$$libinit$$0000002C  c_w.l(libinit2.o)
    0x080003b4   0x080003b4   0x00000000   Code   RO         4539    .ARM.Collect$$libinit$$0000002E  c_w.l(libinit2.o)
    0x080003b4   0x080003b4   0x00000000   Code   RO         4541    .ARM.Collect$$libinit$$00000030  c_w.l(libinit2.o)
    0x080003b4   0x080003b4   0x00000000   Code   RO         4543    .ARM.Collect$$libinit$$00000032  c_w.l(libinit2.o)
    0x080003b4   0x080003b4   0x00000002   Code   RO         4544    .ARM.Collect$$libinit$$00000033  c_w.l(libinit2.o)
    0x080003b6   0x080003b6   0x00000002   Code   RO         4577    .ARM.Collect$$libshutdown$$00000000  c_w.l(libshutdown.o)
    0x080003b8   0x080003b8   0x00000000   Code   RO         4603    .ARM.Collect$$libshutdown$$00000002  c_w.l(libshutdown2.o)
    0x080003b8   0x080003b8   0x00000000   Code   RO         4605    .ARM.Collect$$libshutdown$$00000004  c_w.l(libshutdown2.o)
    0x080003b8   0x080003b8   0x00000000   Code   RO         4607    .ARM.Collect$$libshutdown$$00000006  c_w.l(libshutdown2.o)
    0x080003b8   0x080003b8   0x00000000   Code   RO         4610    .ARM.Collect$$libshutdown$$00000009  c_w.l(libshutdown2.o)
    0x080003b8   0x080003b8   0x00000000   Code   RO         4613    .ARM.Collect$$libshutdown$$0000000C  c_w.l(libshutdown2.o)
    0x080003b8   0x080003b8   0x00000000   Code   RO         4615    .ARM.Collect$$libshutdown$$0000000E  c_w.l(libshutdown2.o)
    0x080003b8   0x080003b8   0x00000000   Code   RO         4618    .ARM.Collect$$libshutdown$$00000011  c_w.l(libshutdown2.o)
    0x080003b8   0x080003b8   0x00000002   Code   RO         4619    .ARM.Collect$$libshutdown$$00000012  c_w.l(libshutdown2.o)
    0x080003ba   0x080003ba   0x00000000   Code   RO         4339    .ARM.Collect$$rtentry$$00000000  c_w.l(__rtentry.o)
    0x080003ba   0x080003ba   0x00000000   Code   RO         4436    .ARM.Collect$$rtentry$$00000002  c_w.l(__rtentry2.o)
    0x080003ba   0x080003ba   0x00000006   Code   RO         4448    .ARM.Collect$$rtentry$$00000004  c_w.l(__rtentry4.o)
    0x080003c0   0x080003c0   0x00000000   Code   RO         4438    .ARM.Collect$$rtentry$$00000009  c_w.l(__rtentry2.o)
    0x080003c0   0x080003c0   0x00000004   Code   RO         4439    .ARM.Collect$$rtentry$$0000000A  c_w.l(__rtentry2.o)
    0x080003c4   0x080003c4   0x00000000   Code   RO         4441    .ARM.Collect$$rtentry$$0000000C  c_w.l(__rtentry2.o)
    0x080003c4   0x080003c4   0x00000008   Code   RO         4442    .ARM.Collect$$rtentry$$0000000D  c_w.l(__rtentry2.o)
    0x080003cc   0x080003cc   0x00000002   Code   RO         4484    .ARM.Collect$$rtexit$$00000000  c_w.l(rtexit.o)
    0x080003ce   0x080003ce   0x00000000   Code   RO         4548    .ARM.Collect$$rtexit$$00000002  c_w.l(rtexit2.o)
    0x080003ce   0x080003ce   0x00000004   Code   RO         4549    .ARM.Collect$$rtexit$$00000003  c_w.l(rtexit2.o)
    0x080003d2   0x080003d2   0x00000006   Code   RO         4550    .ARM.Collect$$rtexit$$00000004  c_w.l(rtexit2.o)
    0x080003d8   0x080003d8   0x00000040   Code   RO            4    .text               startup_stm32h743xx.o
    0x08000418   0x08000418   0x000000ee   Code   RO         4325    .text               c_w.l(lludivv7m.o)
    0x08000506   0x08000506   0x00000002   PAD
    0x08000508   0x08000508   0x0000002c   Code   RO         4327    .text               c_w.l(_sprintf.o)
    0x08000534   0x08000534   0x0000003e   Code   RO         4329    .text               c_w.l(strlen.o)
    0x08000572   0x08000572   0x00000044   Code   RO         4331    .text               c_w.l(rt_memclr.o)
    0x080005b6   0x080005b6   0x0000004e   Code   RO         4333    .text               c_w.l(rt_memclr_w.o)
    0x08000604   0x08000604   0x00000006   Code   RO         4335    .text               c_w.l(heapauxi.o)
    0x0800060a   0x0800060a   0x0000004e   Code   RO         4346    .text               c_w.l(_printf_pad.o)
    0x08000658   0x08000658   0x00000024   Code   RO         4348    .text               c_w.l(_printf_truncate.o)
    0x0800067c   0x0800067c   0x00000052   Code   RO         4350    .text               c_w.l(_printf_str.o)
    0x080006ce   0x080006ce   0x00000002   PAD
    0x080006d0   0x080006d0   0x00000078   Code   RO         4352    .text               c_w.l(_printf_dec.o)
    0x08000748   0x08000748   0x00000028   Code   RO         4354    .text               c_w.l(_printf_charcount.o)
    0x08000770   0x08000770   0x00000030   Code   RO         4356    .text               c_w.l(_printf_char_common.o)
    0x080007a0   0x080007a0   0x0000000a   Code   RO         4358    .text               c_w.l(_sputc.o)
    0x080007aa   0x080007aa   0x00000002   PAD
    0x080007ac   0x080007ac   0x000000bc   Code   RO         4360    .text               c_w.l(_printf_wctomb.o)
    0x08000868   0x08000868   0x0000007c   Code   RO         4363    .text               c_w.l(_printf_longlong_dec.o)
    0x080008e4   0x080008e4   0x00000070   Code   RO         4369    .text               c_w.l(_printf_oct_int_ll.o)
    0x08000954   0x08000954   0x00000094   Code   RO         4389    .text               c_w.l(_printf_hex_int_ll_ptr.o)
    0x080009e8   0x080009e8   0x00000188   Code   RO         4409    .text               c_w.l(__printf_flags_ss_wp.o)
    0x08000b70   0x08000b70   0x0000008a   Code   RO         4452    .text               c_w.l(lludiv10.o)
    0x08000bfa   0x08000bfa   0x000000b2   Code   RO         4454    .text               c_w.l(_printf_intcommon.o)
    0x08000cac   0x08000cac   0x0000002c   Code   RO         4458    .text               c_w.l(_printf_char.o)
    0x08000cd8   0x08000cd8   0x0000002c   Code   RO         4460    .text               c_w.l(_printf_wchar.o)
    0x08000d04   0x08000d04   0x00000040   Code   RO         4463    .text               c_w.l(_wcrtomb.o)
    0x08000d44   0x08000d44   0x0000004a   Code   RO         4465    .text               c_w.l(sys_stackheap_outer.o)
    0x08000d8e   0x08000d8e   0x00000002   PAD
    0x08000d90   0x08000d90   0x00000010   Code   RO         4467    .text               c_w.l(rt_ctype_table.o)
    0x08000da0   0x08000da0   0x00000012   Code   RO         4469    .text               c_w.l(exit.o)
    0x08000db2   0x08000db2   0x00000002   PAD
    0x08000db4   0x08000db4   0x00000008   Code   RO         4481    .text               c_w.l(libspace.o)
    0x08000dbc   0x08000dbc   0x00000008   Code   RO         4491    .text               c_w.l(rt_locale_intlibspace.o)
    0x08000dc4   0x08000dc4   0x0000000c   Code   RO         4545    .text               c_w.l(sys_exit.o)
    0x08000dd0   0x08000dd0   0x00000068   Code   RO         4558    .text               c_w.l(strcmpv7m_pel.o)
    0x08000e38   0x08000e38   0x00000002   Code   RO         4566    .text               c_w.l(use_no_semi.o)
    0x08000e3a   0x08000e3a   0x00000000   Code   RO         4568    .text               c_w.l(indicate_semi.o)
    0x08000e3a   0x08000e3a   0x00000002   Code   RO          347    i.BusFault_Handler  stm32h7xx_it.o
    0x08000e3c   0x08000e3c   0x00000002   Code   RO          348    i.DebugMon_Handler  stm32h7xx_it.o
    0x08000e3e   0x08000e3e   0x00000006   Code   RO          349    i.EXTI9_5_IRQHandler  stm32h7xx_it.o
    0x08000e44   0x08000e44   0x00000004   Code   RO           13    i.Error_Handler     main.o
    0x08000e48   0x08000e48   0x00000360   Code   RO         1229    i.HAL_DMA_Abort     stm32h7xx_hal_dma.o
    0x080011a8   0x080011a8   0x0000026c   Code   RO         1230    i.HAL_DMA_Abort_IT  stm32h7xx_hal_dma.o
    0x08001414   0x08001414   0x00000028   Code   RO         1916    i.HAL_Delay         stm32h7xx_hal.o
    0x0800143c   0x0800143c   0x00000014   Code   RO          350    i.HAL_GPIO_EXTI_Callback  stm32h7xx_it.o
    0x08001450   0x08001450   0x0000001a   Code   RO         1079    i.HAL_GPIO_EXTI_IRQHandler  stm32h7xx_hal_gpio.o
    0x0800146a   0x0800146a   0x00000002   PAD
    0x0800146c   0x0800146c   0x000003c0   Code   RO         1080    i.HAL_GPIO_Init     stm32h7xx_hal_gpio.o
    0x0800182c   0x0800182c   0x0000006c   Code   RO         1084    i.HAL_GPIO_WritePin  stm32h7xx_hal_gpio.o
    0x08001898   0x08001898   0x0000000c   Code   RO         1927    i.HAL_GetREVID      stm32h7xx_hal.o
    0x080018a4   0x080018a4   0x0000000c   Code   RO         1928    i.HAL_GetTick       stm32h7xx_hal.o
    0x080018b0   0x080018b0   0x00000088   Code   RO         2642    i.HAL_I2CEx_EnableFastModePlus  stm32h7xx_hal_i2c_ex.o
    0x08001938   0x08001938   0x00000010   Code   RO         1934    i.HAL_IncTick       stm32h7xx_hal.o
    0x08001948   0x08001948   0x0000005c   Code   RO         1935    i.HAL_Init          stm32h7xx_hal.o
    0x080019a4   0x080019a4   0x00000040   Code   RO         1936    i.HAL_InitTick      stm32h7xx_hal.o
    0x080019e4   0x080019e4   0x00000214   Code   RO          466    i.HAL_MPU_ConfigRegion  stm32h7xx_hal_cortex.o
    0x08001bf8   0x08001bf8   0x00000020   Code   RO          467    i.HAL_MPU_Disable   stm32h7xx_hal_cortex.o
    0x08001c18   0x08001c18   0x00000024   Code   RO          468    i.HAL_MPU_Enable    stm32h7xx_hal_cortex.o
    0x08001c3c   0x08001c3c   0x0000001c   Code   RO          441    i.HAL_MspInit       stm32h7xx_hal_msp.o
    0x08001c58   0x08001c58   0x00000068   Code   RO          471    i.HAL_NVIC_EnableIRQ  stm32h7xx_hal_cortex.o
    0x08001cc0   0x08001cc0   0x000000b4   Code   RO          477    i.HAL_NVIC_SetPriority  stm32h7xx_hal_cortex.o
    0x08001d74   0x08001d74   0x00000080   Code   RO          478    i.HAL_NVIC_SetPriorityGrouping  stm32h7xx_hal_cortex.o
    0x08001df4   0x08001df4   0x000000ac   Code   RO         1656    i.HAL_PWREx_ConfigSupply  stm32h7xx_hal_pwr_ex.o
    0x08001ea0   0x08001ea0   0x00000024   Code   RO          717    i.HAL_RCCEx_GetD3PCLK1Freq  stm32h7xx_hal_rcc_ex.o
    0x08001ec4   0x08001ec4   0x000001ac   Code   RO          719    i.HAL_RCCEx_GetPLL2ClockFreq  stm32h7xx_hal_rcc_ex.o
    0x08002070   0x08002070   0x000001ac   Code   RO          720    i.HAL_RCCEx_GetPLL3ClockFreq  stm32h7xx_hal_rcc_ex.o
    0x0800221c   0x0800221c   0x00000d1c   Code   RO          726    i.HAL_RCCEx_PeriphCLKConfig  stm32h7xx_hal_rcc_ex.o
    0x08002f38   0x08002f38   0x000004f4   Code   RO          602    i.HAL_RCC_ClockConfig  stm32h7xx_hal_rcc.o
    0x0800342c   0x0800342c   0x00000048   Code   RO          607    i.HAL_RCC_GetHCLKFreq  stm32h7xx_hal_rcc.o
    0x08003474   0x08003474   0x0000005c   Code   RO          609    i.HAL_RCC_GetPCLK1Freq  stm32h7xx_hal_rcc.o
    0x080034d0   0x080034d0   0x0000005c   Code   RO          610    i.HAL_RCC_GetPCLK2Freq  stm32h7xx_hal_rcc.o
    0x0800352c   0x0800352c   0x000001a8   Code   RO          611    i.HAL_RCC_GetSysClockFreq  stm32h7xx_hal_rcc.o
    0x080036d4   0x080036d4   0x00000868   Code   RO          614    i.HAL_RCC_OscConfig  stm32h7xx_hal_rcc.o
    0x08003f3c   0x08003f3c   0x000003c8   Code   RO         2775    i.HAL_SPI_Init      stm32h7xx_hal_spi.o
    0x08004304   0x08004304   0x000000c8   Code   RO          264    i.HAL_SPI_MspInit   spi.o
    0x080043cc   0x080043cc   0x0000025c   Code   RO         2778    i.HAL_SPI_Receive   stm32h7xx_hal_spi.o
    0x08004628   0x08004628   0x000002d4   Code   RO         2783    i.HAL_SPI_Transmit  stm32h7xx_hal_spi.o
    0x080048fc   0x080048fc   0x00000310   Code   RO         2784    i.HAL_SPI_TransmitReceive  stm32h7xx_hal_spi.o
    0x08004c0c   0x08004c0c   0x00000028   Code   RO          482    i.HAL_SYSTICK_Config  stm32h7xx_hal_cortex.o
    0x08004c34   0x08004c34   0x000000e0   Code   RO         3526    i.HAL_UARTEx_DisableFifoMode  stm32h7xx_hal_uart_ex.o
    0x08004d14   0x08004d14   0x00000002   Code   RO         3127    i.HAL_UARTEx_RxEventCallback  stm32h7xx_hal_uart.o
    0x08004d16   0x08004d16   0x00000002   Code   RO         3533    i.HAL_UARTEx_RxFifoFullCallback  stm32h7xx_hal_uart_ex.o
    0x08004d18   0x08004d18   0x00000154   Code   RO         3534    i.HAL_UARTEx_SetRxFifoThreshold  stm32h7xx_hal_uart_ex.o
    0x08004e6c   0x08004e6c   0x00000154   Code   RO         3535    i.HAL_UARTEx_SetTxFifoThreshold  stm32h7xx_hal_uart_ex.o
    0x08004fc0   0x08004fc0   0x00000002   Code   RO         3537    i.HAL_UARTEx_TxFifoEmptyCallback  stm32h7xx_hal_uart_ex.o
    0x08004fc2   0x08004fc2   0x00000002   Code   RO         3538    i.HAL_UARTEx_WakeupCallback  stm32h7xx_hal_uart_ex.o
    0x08004fc4   0x08004fc4   0x00000002   Code   RO         3143    i.HAL_UART_ErrorCallback  stm32h7xx_hal_uart.o
    0x08004fc6   0x08004fc6   0x00000002   PAD
    0x08004fc8   0x08004fc8   0x00000438   Code   RO         3146    i.HAL_UART_IRQHandler  stm32h7xx_hal_uart.o
    0x08005400   0x08005400   0x0000014c   Code   RO         3147    i.HAL_UART_Init     stm32h7xx_hal_uart.o
    0x0800554c   0x0800554c   0x000000d0   Code   RO          306    i.HAL_UART_MspInit  usart.o
    0x0800561c   0x0800561c   0x000000bc   Code   RO         3158    i.HAL_UART_Transmit_IT  stm32h7xx_hal_uart.o
    0x080056d8   0x080056d8   0x00000002   Code   RO         3159    i.HAL_UART_TxCpltCallback  stm32h7xx_hal_uart.o
    0x080056da   0x080056da   0x00000002   Code   RO          351    i.HardFault_Handler  stm32h7xx_it.o
    0x080056dc   0x080056dc   0x00000098   Code   RO          235    i.MX_GPIO_Init      gpio.o
    0x08005774   0x08005774   0x0000005c   Code   RO          265    i.MX_SPI1_Init      spi.o
    0x080057d0   0x080057d0   0x00000078   Code   RO          307    i.MX_USART1_UART_Init  usart.o
    0x08005848   0x08005848   0x00000002   Code   RO          352    i.MemManage_Handler  stm32h7xx_it.o
    0x0800584a   0x0800584a   0x00000002   Code   RO          353    i.NMI_Handler       stm32h7xx_it.o
    0x0800584c   0x0800584c   0x00000002   Code   RO          354    i.PendSV_Handler    stm32h7xx_it.o
    0x0800584e   0x0800584e   0x00000002   PAD
    0x08005850   0x08005850   0x0000021c   Code   RO          729    i.RCCEx_PLL2_Config  stm32h7xx_hal_rcc_ex.o
    0x08005a6c   0x08005a6c   0x00000224   Code   RO          730    i.RCCEx_PLL3_Config  stm32h7xx_hal_rcc_ex.o
    0x08005c90   0x08005c90   0x000000c6   Code   RO         2794    i.SPI_CloseTransfer  stm32h7xx_hal_spi.o
    0x08005d56   0x08005d56   0x00000002   Code   RO          355    i.SVC_Handler       stm32h7xx_it.o
    0x08005d58   0x08005d58   0x00000004   Code   RO          356    i.SysTick_Handler   stm32h7xx_it.o
    0x08005d5c   0x08005d5c   0x000000c4   Code   RO           14    i.SystemClock_Config  main.o
    0x08005e20   0x08005e20   0x00000104   Code   RO         3634    i.SystemInit        system_stm32h7xx.o
    0x08005f24   0x08005f24   0x00000258   Code   RO         3161    i.UART_AdvFeatureConfig  stm32h7xx_hal_uart.o
    0x0800617c   0x0800617c   0x00000064   Code   RO         3162    i.UART_CheckIdleState  stm32h7xx_hal_uart.o
    0x080061e0   0x080061e0   0x00000014   Code   RO         3163    i.UART_DMAAbortOnError  stm32h7xx_hal_uart.o
    0x080061f4   0x080061f4   0x00000532   Code   RO         3177    i.UART_SetConfig    stm32h7xx_hal_uart.o
    0x08006726   0x08006726   0x00000054   Code   RO         3180    i.UART_TxISR_16BIT  stm32h7xx_hal_uart.o
    0x0800677a   0x0800677a   0x00000072   Code   RO         3181    i.UART_TxISR_16BIT_FIFOEN  stm32h7xx_hal_uart.o
    0x080067ec   0x080067ec   0x00000050   Code   RO         3182    i.UART_TxISR_8BIT   stm32h7xx_hal_uart.o
    0x0800683c   0x0800683c   0x0000006e   Code   RO         3183    i.UART_TxISR_8BIT_FIFOEN  stm32h7xx_hal_uart.o
    0x080068aa   0x080068aa   0x00000002   PAD
    0x080068ac   0x080068ac   0x000000e4   Code   RO         3184    i.UART_WaitOnFlagUntilTimeout  stm32h7xx_hal_uart.o
    0x08006990   0x08006990   0x0000000c   Code   RO          357    i.USART1_IRQHandler  stm32h7xx_it.o
    0x0800699c   0x0800699c   0x00000002   Code   RO          358    i.UsageFault_Handler  stm32h7xx_it.o
    0x0800699e   0x0800699e   0x0000000e   Code   RO         4402    i._is_digit         c_w.l(__printf_wp.o)
    0x080069ac   0x080069ac   0x00000002   Code   RO           15    i.assert_failed     main.o
    0x080069ae   0x080069ae   0x00000048   Code   RO         3667    i.iis3dwb_acceleration_raw_get  iis3dwb_reg.o
    0x080069f6   0x080069f6   0x00000034   Code   RO         3678    i.iis3dwb_block_data_update_set  iis3dwb_reg.o
    0x08006a2a   0x08006a2a   0x00000034   Code   RO         3682    i.iis3dwb_data_ready_mode_set  iis3dwb_reg.o
    0x08006a5e   0x08006a5e   0x00000012   Code   RO         3683    i.iis3dwb_device_id_get  iis3dwb_reg.o
    0x08006a70   0x08006a70   0x000000f8   Code   RO         3718    i.iis3dwb_pin_int1_route_set  iis3dwb_reg.o
    0x08006b68   0x08006b68   0x0000001e   Code   RO         3726    i.iis3dwb_reset_get  iis3dwb_reg.o
    0x08006b86   0x08006b86   0x00000034   Code   RO         3727    i.iis3dwb_reset_set  iis3dwb_reg.o
    0x08006bba   0x08006bba   0x00000034   Code   RO         3753    i.iis3dwb_xl_data_rate_set  iis3dwb_reg.o
    0x08006bee   0x08006bee   0x0000007e   Code   RO         3757    i.iis3dwb_xl_filt_path_on_out_set  iis3dwb_reg.o
    0x08006c6c   0x08006c6c   0x00000034   Code   RO         3760    i.iis3dwb_xl_full_scale_set  iis3dwb_reg.o
    0x08006ca0   0x08006ca0   0x000002b4   Code   RO           18    i.main              main.o
    0x08006f54   0x08006f54   0x00000054   Code   RO           19    i.platform_read     main.o
    0x08006fa8   0x08006fa8   0x00000048   Code   RO           20    i.platform_write    main.o
    0x08006ff0   0x08006ff0   0x0000002c   Code   RO         4494    locale$$code        c_w.l(lc_ctype_c.o)
    0x0800701c   0x0800701c   0x0000000a   Code   RO         4562    x$fpl$fpinit        fz_wv.l(fpinit.o)
    0x08007026   0x08007026   0x00000018   Data   RO         3185    .constdata          stm32h7xx_hal_uart.o
    0x0800703e   0x0800703e   0x00000010   Data   RO         3539    .constdata          stm32h7xx_hal_uart_ex.o
    0x0800704e   0x0800704e   0x00000010   Data   RO         3635    .constdata          system_stm32h7xx.o
    0x0800705e   0x0800705e   0x00000002   PAD
    0x08007060   0x08007060   0x00000008   Data   RO         4361    .constdata          c_w.l(_printf_wctomb.o)
    0x08007068   0x08007068   0x00000028   Data   RO         4390    .constdata          c_w.l(_printf_hex_int_ll_ptr.o)
    0x08007090   0x08007090   0x00000011   Data   RO         4410    .constdata          c_w.l(__printf_flags_ss_wp.o)
    0x080070a1   0x080070a1   0x00000003   PAD
    0x080070a4   0x080070a4   0x00000020   Data   RO         4620    Region$$Table       anon$$obj.o
    0x080070c4   0x080070c4   0x00000110   Data   RO         4493    locale$$data        c_w.l(lc_ctype_c.o)


    Execution Region RW_IRAM1 (Exec base: 0x20000000, Load base: 0x080071d4, Size: 0x00000000, Max: 0x00020000, ABSOLUTE)

    **** No section assigned to this execution region ****


    Execution Region RW_IRAM2 (Exec base: 0x24000000, Load base: 0x080071d4, Size: 0x000007c0, Max: 0x00080000, ABSOLUTE)

    Exec Addr    Load Addr    Size         Type   Attr      Idx    E Section Name        Object

    0x24000000   0x080071d4   0x00000018   Data   RW           32    .data               main.o
    0x24000018   0x080071ec   0x0000000c   Data   RW         1957    .data               stm32h7xx_hal.o
    0x24000024   0x080071f8   0x00000008   Data   RW         3636    .data               system_stm32h7xx.o
    0x2400002c        -       0x00000019   Zero   RW           24    .bss                main.o
    0x24000045   0x08007200   0x00000003   PAD
    0x24000048        -       0x00000088   Zero   RW          266    .bss                spi.o
    0x240000d0        -       0x00000090   Zero   RW          308    .bss                usart.o
    0x24000160        -       0x00000060   Zero   RW         4482    .bss                c_w.l(libspace.o)
    0x240001c0        -       0x00000200   Zero   RW            2    HEAP                startup_stm32h743xx.o
    0x240003c0        -       0x00000400   Zero   RW            1    STACK               startup_stm32h743xx.o


==============================================================================

Image component sizes


      Code (inc. data)   RO Data    RW Data    ZI Data      Debug   Object Name

       152         14          0          0          0       1071   gpio.o
       754          0          0          0          0      19576   iis3dwb_reg.o
      1050        146          0         24         25    1315871   main.o
       292         24          0          0        136       1961   spi.o
        64         26        664          0       1536        840   startup_stm32h743xx.o
       236         44          0         12          0      23404   stm32h7xx_hal.o
      1052        276          0          0          0      41545   stm32h7xx_hal_cortex.o
      1484        194          0          0          0       4039   stm32h7xx_hal_dma.o
      1094        142          0          0          0       3031   stm32h7xx_hal_gpio.o
       136         70          0          0          0       1191   stm32h7xx_hal_i2c_ex.o
        28          4          0          0          0        938   stm32h7xx_hal_msp.o
       172         70          0          0          0        829   stm32h7xx_hal_pwr_ex.o
      4100        302          0          0          0       7956   stm32h7xx_hal_rcc.o
      5336        368          0          0          0       8009   stm32h7xx_hal_rcc_ex.o
      3278        240          0          0          0       8042   stm32h7xx_hal_spi.o
      4272        380         24          0          0      34048   stm32h7xx_hal_uart.o
       910        194         16          0          0       5318   stm32h7xx_hal_uart_ex.o
        58         12          0          0          0       5576   stm32h7xx_it.o
       260         58         16          8          0       1498   system_stm32h7xx.o
       328         28          0          0        144       1990   usart.o

    ----------------------------------------------------------------------
     25064       2592        754         44       1844    1486733   Object Totals
         0          0         32          0          0          0   (incl. Generated)
         8          0          2          0          3          0   (incl. Padding)

    ----------------------------------------------------------------------

      Code (inc. data)   RO Data    RW Data    ZI Data      Debug   Library Member Name

         8          0          0          0          0         68   __main.o
       392          4         17          0          0         92   __printf_flags_ss_wp.o
        14          0          0          0          0         68   __printf_wp.o
         0          0          0          0          0          0   __rtentry.o
        12          0          0          0          0          0   __rtentry2.o
         6          0          0          0          0          0   __rtentry4.o
        52          8          0          0          0          0   __scatter.o
        26          0          0          0          0          0   __scatter_copy.o
        28          0          0          0          0          0   __scatter_zi.o
         6          0          0          0          0          0   _printf_a.o
         6          0          0          0          0          0   _printf_c.o
        44          0          0          0          0        108   _printf_char.o
        48          6          0          0          0         96   _printf_char_common.o
        40          0          0          0          0         68   _printf_charcount.o
         6          0          0          0          0          0   _printf_d.o
       120         16          0          0          0         92   _printf_dec.o
         6          0          0          0          0          0   _printf_e.o
         6          0          0          0          0          0   _printf_f.o
         6          0          0          0          0          0   _printf_g.o
       148          4         40          0          0        160   _printf_hex_int_ll_ptr.o
         6          0          0          0          0          0   _printf_i.o
       178          0          0          0          0         88   _printf_intcommon.o
        10          0          0          0          0          0   _printf_l.o
         6          0          0          0          0          0   _printf_lc.o
        10          0          0          0          0          0   _printf_ll.o
         6          0          0          0          0          0   _printf_lld.o
         6          0          0          0          0          0   _printf_lli.o
         6          0          0          0          0          0   _printf_llo.o
         6          0          0          0          0          0   _printf_llu.o
         6          0          0          0          0          0   _printf_llx.o
       124         16          0          0          0         92   _printf_longlong_dec.o
         6          0          0          0          0          0   _printf_ls.o
         6          0          0          0          0          0   _printf_n.o
         6          0          0          0          0          0   _printf_o.o
       112         10          0          0          0        124   _printf_oct_int_ll.o
         6          0          0          0          0          0   _printf_p.o
        78          0          0          0          0        108   _printf_pad.o
         0          0          0          0          0          0   _printf_percent.o
         4          0          0          0          0          0   _printf_percent_end.o
         6          0          0          0          0          0   _printf_s.o
        82          0          0          0          0         80   _printf_str.o
        36          0          0          0          0         84   _printf_truncate.o
         6          0          0          0          0          0   _printf_u.o
        44          0          0          0          0        108   _printf_wchar.o
       188          6          8          0          0         92   _printf_wctomb.o
         6          0          0          0          0          0   _printf_x.o
        44          6          0          0          0         84   _sprintf.o
        10          0          0          0          0         68   _sputc.o
        64          0          0          0          0         92   _wcrtomb.o
        18          0          0          0          0         80   exit.o
         6          0          0          0          0        152   heapauxi.o
         0          0          0          0          0          0   indicate_semi.o
        44         10        272          0          0         76   lc_ctype_c.o
         2          0          0          0          0          0   libinit.o
        24          0          0          0          0          0   libinit2.o
         2          0          0          0          0          0   libshutdown.o
         2          0          0          0          0          0   libshutdown2.o
         8          4          0          0         96         68   libspace.o
       138          0          0          0          0         80   lludiv10.o
       238          0          0          0          0        100   lludivv7m.o
        16          4          0          0          0         76   rt_ctype_table.o
         8          4          0          0          0         68   rt_locale_intlibspace.o
        68          0          0          0          0         68   rt_memclr.o
        78          0          0          0          0         80   rt_memclr_w.o
         2          0          0          0          0          0   rtexit.o
        10          0          0          0          0          0   rtexit2.o
       104          0          0          0          0         68   strcmpv7m_pel.o
        62          0          0          0          0         76   strlen.o
        12          4          0          0          0         68   sys_exit.o
        74          0          0          0          0         80   sys_stackheap_outer.o
         2          0          0          0          0         68   use_no_semi.o
        10          0          0          0          0        116   fpinit.o

    ----------------------------------------------------------------------
      2982        102        340          0         96       3096   Library Totals
        12          0          3          0          0          0   (incl. Padding)

    ----------------------------------------------------------------------

      Code (inc. data)   RO Data    RW Data    ZI Data      Debug   Library Name

      2960        102        337          0         96       2980   c_w.l
        10          0          0          0          0        116   fz_wv.l

    ----------------------------------------------------------------------
      2982        102        340          0         96       3096   Library Totals

    ----------------------------------------------------------------------

==============================================================================


      Code (inc. data)   RO Data    RW Data    ZI Data      Debug   

     28046       2694       1094         44       1940    1479769   Grand Totals
     28046       2694       1094         44       1940    1479769   ELF Image Totals
     28046       2694       1094         44          0          0   ROM Totals

==============================================================================

    Total RO  Size (Code + RO Data)                29140 (  28.46kB)
    Total RW  Size (RW Data + ZI Data)              1984 (   1.94kB)
    Total ROM Size (Code + RO Data + RW Data)      29184 (  28.50kB)

==============================================================================

